Archive member included because of file (symbol)

c:/altera/12.1sp1/nios2eds/bin/gnu/h-i686-mingw32/bin/../lib/gcc/nios2-elf/4.1.2/../../../../nios2-elf/lib\libm.a(lib_a-s_round.o)
                              obj/default/lib/LSM303.o (round)
c:/altera/12.1sp1/nios2eds/bin/gnu/h-i686-mingw32/bin/../lib/gcc/nios2-elf/4.1.2/../../../../nios2-elf/lib\libm.a(lib_a-w_atan2.o)
                              obj/default/lib/LSM303.o (atan2)
c:/altera/12.1sp1/nios2eds/bin/gnu/h-i686-mingw32/bin/../lib/gcc/nios2-elf/4.1.2/../../../../nios2-elf/lib\libm.a(lib_a-w_sqrt.o)
                              obj/default/lib/LSM303.o (sqrt)
c:/altera/12.1sp1/nios2eds/bin/gnu/h-i686-mingw32/bin/../lib/gcc/nios2-elf/4.1.2/../../../../nios2-elf/lib\libm.a(lib_a-e_atan2.o)
                              c:/altera/12.1sp1/nios2eds/bin/gnu/h-i686-mingw32/bin/../lib/gcc/nios2-elf/4.1.2/../../../../nios2-elf/lib\libm.a(lib_a-w_atan2.o) (__ieee754_atan2)
c:/altera/12.1sp1/nios2eds/bin/gnu/h-i686-mingw32/bin/../lib/gcc/nios2-elf/4.1.2/../../../../nios2-elf/lib\libm.a(lib_a-e_sqrt.o)
                              c:/altera/12.1sp1/nios2eds/bin/gnu/h-i686-mingw32/bin/../lib/gcc/nios2-elf/4.1.2/../../../../nios2-elf/lib\libm.a(lib_a-w_sqrt.o) (__ieee754_sqrt)
c:/altera/12.1sp1/nios2eds/bin/gnu/h-i686-mingw32/bin/../lib/gcc/nios2-elf/4.1.2/../../../../nios2-elf/lib\libm.a(lib_a-s_atan.o)
                              c:/altera/12.1sp1/nios2eds/bin/gnu/h-i686-mingw32/bin/../lib/gcc/nios2-elf/4.1.2/../../../../nios2-elf/lib\libm.a(lib_a-e_atan2.o) (atan)
c:/altera/12.1sp1/nios2eds/bin/gnu/h-i686-mingw32/bin/../lib/gcc/nios2-elf/4.1.2/../../../../nios2-elf/lib\libm.a(lib_a-s_fabs.o)
                              c:/altera/12.1sp1/nios2eds/bin/gnu/h-i686-mingw32/bin/../lib/gcc/nios2-elf/4.1.2/../../../../nios2-elf/lib\libm.a(lib_a-e_atan2.o) (fabs)
c:/altera/12.1sp1/nios2eds/bin/gnu/h-i686-mingw32/bin/../lib/gcc/nios2-elf/4.1.2/../../../../nios2-elf/lib\libm.a(lib_a-s_isnand.o)
                              c:/altera/12.1sp1/nios2eds/bin/gnu/h-i686-mingw32/bin/../lib/gcc/nios2-elf/4.1.2/../../../../nios2-elf/lib\libm.a(lib_a-w_sqrt.o) (__isnand)
c:/altera/12.1sp1/nios2eds/bin/gnu/h-i686-mingw32/bin/../lib/gcc/nios2-elf/4.1.2/../../../../nios2-elf/lib\libm.a(lib_a-s_lib_ver.o)
                              c:/altera/12.1sp1/nios2eds/bin/gnu/h-i686-mingw32/bin/../lib/gcc/nios2-elf/4.1.2/../../../../nios2-elf/lib\libm.a(lib_a-w_sqrt.o) (__fdlib_version)
c:/altera/12.1sp1/nios2eds/bin/gnu/h-i686-mingw32/bin/../lib/gcc/nios2-elf/4.1.2/../../../../nios2-elf/lib\libm.a(lib_a-s_matherr.o)
                              c:/altera/12.1sp1/nios2eds/bin/gnu/h-i686-mingw32/bin/../lib/gcc/nios2-elf/4.1.2/../../../../nios2-elf/lib\libm.a(lib_a-w_sqrt.o) (matherr)
c:/altera/12.1sp1/nios2eds/bin/gnu/h-i686-mingw32/bin/../lib/gcc/nios2-elf/4.1.2\libgcc.a(_addsub_sf.o)
                              obj/default/lib/LSM303.o (__subsf3)
c:/altera/12.1sp1/nios2eds/bin/gnu/h-i686-mingw32/bin/../lib/gcc/nios2-elf/4.1.2\libgcc.a(_mul_sf.o)
                              obj/default/lib/LSM303.o (__mulsf3)
c:/altera/12.1sp1/nios2eds/bin/gnu/h-i686-mingw32/bin/../lib/gcc/nios2-elf/4.1.2\libgcc.a(_div_sf.o)
                              obj/default/lib/LSM303.o (__divsf3)
c:/altera/12.1sp1/nios2eds/bin/gnu/h-i686-mingw32/bin/../lib/gcc/nios2-elf/4.1.2\libgcc.a(_sf_to_df.o)
                              obj/default/lib/LSM303.o (__extendsfdf2)
c:/altera/12.1sp1/nios2eds/bin/gnu/h-i686-mingw32/bin/../lib/gcc/nios2-elf/4.1.2\libgcc.a(_thenan_sf.o)
                              c:/altera/12.1sp1/nios2eds/bin/gnu/h-i686-mingw32/bin/../lib/gcc/nios2-elf/4.1.2\libgcc.a(_addsub_sf.o) (__thenan_sf)
c:/altera/12.1sp1/nios2eds/bin/gnu/h-i686-mingw32/bin/../lib/gcc/nios2-elf/4.1.2\libgcc.a(_usi_to_sf.o)
                              obj/default/lib/LSM303.o (__floatunsisf)
c:/altera/12.1sp1/nios2eds/bin/gnu/h-i686-mingw32/bin/../lib/gcc/nios2-elf/4.1.2\libgcc.a(_addsub_df.o)
                              obj/default/main.o (__subdf3)
c:/altera/12.1sp1/nios2eds/bin/gnu/h-i686-mingw32/bin/../lib/gcc/nios2-elf/4.1.2\libgcc.a(_mul_df.o)
                              obj/default/lib/LSM303.o (__muldf3)
c:/altera/12.1sp1/nios2eds/bin/gnu/h-i686-mingw32/bin/../lib/gcc/nios2-elf/4.1.2\libgcc.a(_div_df.o)
                              obj/default/lib/LSM303.o (__divdf3)
c:/altera/12.1sp1/nios2eds/bin/gnu/h-i686-mingw32/bin/../lib/gcc/nios2-elf/4.1.2\libgcc.a(_gt_df.o)
                              c:/altera/12.1sp1/nios2eds/bin/gnu/h-i686-mingw32/bin/../lib/gcc/nios2-elf/4.1.2/../../../../nios2-elf/lib\libm.a(lib_a-s_atan.o) (__gtdf2)
c:/altera/12.1sp1/nios2eds/bin/gnu/h-i686-mingw32/bin/../lib/gcc/nios2-elf/4.1.2\libgcc.a(_lt_df.o)
                              obj/default/main.o (__ltdf2)
c:/altera/12.1sp1/nios2eds/bin/gnu/h-i686-mingw32/bin/../lib/gcc/nios2-elf/4.1.2\libgcc.a(_si_to_df.o)
                              obj/default/main.o (__floatsidf)
[...]
Memory Configuration

Name             Origin             Length             Attributes
reset            0x02000000         0x00000020
sdram            0x02000020         0x01ffffe0
epcs             0x04000000         0x00000800
*default*        0x00000000         0xffffffff

Linker script and memory map

LOAD ../ROBOT_bsp//obj/HAL/src/crt0.o
LOAD obj/default/lib/I2C.o
LOAD obj/default/lib/LSM303.o
LOAD obj/default/lib/accelerometer_adxl345_spi.o
LOAD obj/default/lib/adc_spi_read.o
LOAD obj/default/lib/flash.o
LOAD obj/default/lib/terasic_spi.o
LOAD obj/default/main.o
LOAD c:/altera/12.1sp1/nios2eds/bin/gnu/h-i686-mingw32/bin/../lib/gcc/nios2-elf/4.1.2/../../../../nios2-elf/lib\libstdc++.a
LOAD c:/altera/12.1sp1/nios2eds/bin/gnu/h-i686-mingw32/bin/../lib/gcc/nios2-elf/4.1.2/../../../../nios2-elf/lib\libm.a
LOAD c:/altera/12.1sp1/nios2eds/bin/gnu/h-i686-mingw32/bin/../lib/gcc/nios2-elf/4.1.2\libgcc.a
START GROUP
LOAD c:/altera/12.1sp1/nios2eds/bin/gnu/h-i686-mingw32/bin/../lib/gcc/nios2-elf/4.1.2/../../../../nios2-elf/lib\libc.a
LOAD c:/altera/12.1sp1/nios2eds/bin/gnu/h-i686-mingw32/bin/../lib/gcc/nios2-elf/4.1.2\libgcc.a
LOAD ../ROBOT_bsp/\libucosii_bsp.a
END GROUP
LOAD c:/altera/12.1sp1/nios2eds/bin/gnu/h-i686-mingw32/bin/../lib/gcc/nios2-elf/4.1.2\libgcc.a
                0x02000000                __alt_mem_sdram = 0x2000000
                0x04000000                __alt_mem_epcs = 0x4000000

.entry          0x02000000       0x20
 *(.entry)
 .entry         0x02000000       0x20 ../ROBOT_bsp//obj/HAL/src/crt0.o
                0x02000000                __reset

.exceptions     0x02000020      0x19c
                0x02000020                PROVIDE (__ram_exceptions_start, ABSOLUTE (.))
                0x02000020                . = ALIGN (0x20)
 *(.irq)
 *(.exceptions.entry.label)
 .exceptions.entry.label
                0x02000020        0x0 ../ROBOT_bsp/\libucosii_bsp.a(alt_irq_entry.o)
                0x02000020                alt_irq_entry
 .exceptions.entry.label
                0x02000020        0x0 ../ROBOT_bsp/\libucosii_bsp.a(alt_exception_entry.o)
                0x02000020                alt_exception
 *(.exceptions.entry.user)
 *(.exceptions.entry)
 .exceptions.entry
                0x02000020       0x54 ../ROBOT_bsp/\libucosii_bsp.a(alt_exception_entry.o)
 *(.exceptions.irqtest.user)
 *(.exceptions.irqtest)
 .exceptions.irqtest
                0x02000074       0x10 ../ROBOT_bsp/\libucosii_bsp.a(alt_irq_entry.o)
 *(.exceptions.irqhandler.user)
 *(.exceptions.irqhandler)
 .exceptions.irqhandler
                0x02000084        0x4 ../ROBOT_bsp/\libucosii_bsp.a(alt_irq_entry.o)
 *(.exceptions.irqreturn.user)
 *(.exceptions.irqreturn)
 .exceptions.irqreturn
                0x02000088        0x4 ../ROBOT_bsp/\libucosii_bsp.a(alt_irq_entry.o)
 *(.exceptions.notirq.label)
 .exceptions.notirq.label
                0x0200008c        0x0 ../ROBOT_bsp/\libucosii_bsp.a(alt_irq_entry.o)
 *(.exceptions.notirq.user)
 *(.exceptions.notirq)
 .exceptions.notirq
                0x0200008c        0x8 ../ROBOT_bsp/\libucosii_bsp.a(alt_exception_entry.o)
 *(.exceptions.soft.user)
 *(.exceptions.soft)
 *(.exceptions.unknown.user)
 *(.exceptions.unknown)
 .exceptions.unknown
                0x02000094        0x4 ../ROBOT_bsp/\libucosii_bsp.a(alt_exception_entry.o)
 *(.exceptions.exit.label)
 .exceptions.exit.label
                0x02000098        0x0 ../ROBOT_bsp/\libucosii_bsp.a(alt_irq_entry.o)
 .exceptions.exit.label
                0x02000098        0x0 ../ROBOT_bsp/\libucosii_bsp.a(alt_exception_entry.o)
 *(.exceptions.exit.user)
 *(.exceptions.exit)
 .exceptions.exit
                0x02000098       0x54 ../ROBOT_bsp/\libucosii_bsp.a(alt_exception_entry.o)
 *(.exceptions)
 .exceptions    0x020000ec       0xd0 ../ROBOT_bsp/\libucosii_bsp.a(alt_irq_handler.o)
                0x020000ec                alt_irq_handler
                0x020001bc                PROVIDE (__ram_exceptions_end, ABSOLUTE (.))
                0x02000020                PROVIDE (__flash_exceptions_start, LOADADDR (.exceptions))

.text           0x020001bc    0x20564
                0x020001bc                PROVIDE (stext, ABSOLUTE (.))
 *(.interp)
 *(.hash)
 *(.dynsym)
 *(.dynstr)
 *(.gnu.version)
 *(.gnu.version_d)
 *(.gnu.version_r)
 *(.rel.init)
 *(.rela.init)
 *(.rel.text .rel.text.* .rel.gnu.linkonce.t.*)
 *(.rela.text .rela.text.* .rela.gnu.linkonce.t.*)
 *(.rel.fini)
 *(.rela.fini)
 *(.rel.rodata .rel.rodata.* .rel.gnu.linkonce.r.*)
 *(.rela.rodata .rela.rodata.* .rela.gnu.linkonce.r.*)
 *(.rel.data .rel.data.* .rel.gnu.linkonce.d.*)
 *(.rela.data .rela.data.* .rela.gnu.linkonce.d.*)
 *(.rel.tdata .rel.tdata.* .rel.gnu.linkonce.td.*)
 *(.rela.tdata .rela.tdata.* .rela.gnu.linkonce.td.*)
 *(.rel.tbss .rel.tbss.* .rel.gnu.linkonce.tb.*)
 *(.rela.tbss .rela.tbss.* .rela.gnu.linkonce.tb.*)
 *(.rel.ctors)
 *(.rela.ctors)
 *(.rel.dtors)
 *(.rela.dtors)
 *(.rel.got)
 *(.rela.got)
 *(.rel.sdata .rel.sdata.* .rel.gnu.linkonce.s.*)
 *(.rela.sdata .rela.sdata.* .rela.gnu.linkonce.s.*)
 *(.rel.sbss .rel.sbss.* .rel.gnu.linkonce.sb.*)
 *(.rela.sbss .rela.sbss.* .rela.gnu.linkonce.sb.*)
 *(.rel.sdata2 .rel.sdata2.* .rel.gnu.linkonce.s2.*)
 *(.rela.sdata2 .rela.sdata2.* .rela.gnu.linkonce.s2.*)
 *(.rel.sbss2 .rel.sbss2.* .rel.gnu.linkonce.sb2.*)
 *(.rela.sbss2 .rela.sbss2.* .rela.gnu.linkonce.sb2.*)
 *(.rel.bss .rel.bss.* .rel.gnu.linkonce.b.*)
 *(.rela.bss .rela.bss.* .rela.gnu.linkonce.b.*)
 *(.rel.plt)
 *(.rela.plt)
 *(.rel.dyn)
 *(.init)
 *(.plt)
 *(.text .stub .text.* .gnu.linkonce.t.*)
 .text          0x020001bc       0x4c ../ROBOT_bsp//obj/HAL/src/crt0.o
                0x020001bc                _start
 .text          0x02000208      0x9b4 obj/default/lib/I2C.o
                0x02000208                I2C_Write
                0x020002e0                I2C_Read
                0x020003e4                I2C_MultipleWrite
                0x020004f4                I2C_MultipleRead
                0x02000650                i2c_start
                0x020006d8                i2c_stop
                0x02000750                i2c_write
                0x02000874                i2c_read
                0x020009c0                i2c_data_verify
                0x02000b38                I2C_Verify
 .text          0x02000bbc      0xa64 obj/default/lib/LSM303.o
                0x02000bbc                timeoutOccurred
                0x02000bdc                setTimeout
                0x02000c04                getTimeout
                0x02000c24                LSM303_Init
                0x02000cc0                enableDefault
                0x02000d28                writeMagReg
                0x02000d9c                readMagReg
                0x02000e24                setMagGain
                0x02000e94                readMag
                0x02001014                LSM303_read
                0x0200103c                heading_Y
                0x02001080                heading
                0x0200137c                vector_cross
                0x020014b0                vector_dot
                0x02001558                vector_normalize
 .text          0x02001620      0x2ec obj/default/lib/accelerometer_adxl345_spi.o
                0x02001620                ADXL345_SPI_Init
                0x020016f0                ADXL345_SPI_WaitDataReady
                0x02001794                ADXL345_SPI_IsDataReady
                0x020017fc                ADXL345_SPI_XYZ_Read
                0x020018c8                ADXL345_SPI_IdRead
 .text          0x0200190c      0x104 obj/default/lib/adc_spi_read.o
                0x0200190c                ADC_Read
 .text          0x02001a10      0xe48 obj/default/lib/flash.o
                0x02001a10                Flash_InfoDump
                0x02001adc                Flash_Open
                0x02001bac                Flash_Close
                0x02001c04                Flash_GetBlockInfo
                0x02001d40                Flash_Read
                0x02001df8                Flash_Write
                0x02002048                Flash_Erase
                0x0200213c                Flash_GetBlockCount
                0x020021c0                Flash_Size
                0x020022a8                FLASH_Verify
 .text          0x02002858      0x364 obj/default/lib/terasic_spi.o
                0x02002858                SPI_Init
                0x020028a4                SPI_MultipleWrite
                0x020029dc                SPI_Write
                0x02002a20                SPI_MultipleRead
                0x02002b78                SPI_Read
 .text          0x02002bbc      0x8b0 obj/default/main.o
                0x02002c14                EnableKeyInterrupt
                0x02002c88                ShowMenu
                0x02002d20                DEMO_PWM
                0x02002ea4                DEMO_ENCODERS
                0x020030ec                DEMO_COMPASS
                0x02003118                DEMO_ACCELEROMETER
                0x02003134                DEMO_ADC
                0x0200324c                main
                0x02003310                DEMO_EEPROM
                0x020033ec                DEMO_EPCS
 .text          0x0200346c      0x10c c:/altera/12.1sp1/nios2eds/bin/gnu/h-i686-mingw32/bin/../lib/gcc/nios2-elf/4.1.2/../../../../nios2-elf/lib\libm.a(lib_a-s_round.o)
                0x0200346c                round
 .text          0x02003578        0x4 c:/altera/12.1sp1/nios2eds/bin/gnu/h-i686-mingw32/bin/../lib/gcc/nios2-elf/4.1.2/../../../../nios2-elf/lib\libm.a(lib_a-w_atan2.o)
                0x02003578                atan2
 .text          0x0200357c      0x130 c:/altera/12.1sp1/nios2eds/bin/gnu/h-i686-mingw32/bin/../lib/gcc/nios2-elf/4.1.2/../../../../nios2-elf/lib\libm.a(lib_a-w_sqrt.o)
                0x0200357c                sqrt
 .text          0x020036ac      0x350 c:/altera/12.1sp1/nios2eds/bin/gnu/h-i686-mingw32/bin/../lib/gcc/nios2-elf/4.1.2/../../../../nios2-elf/lib\libm.a(lib_a-e_atan2.o)
                0x020036ac                __ieee754_atan2
 .text          0x020039fc      0x2c8 c:/altera/12.1sp1/nios2eds/bin/gnu/h-i686-mingw32/bin/../lib/gcc/nios2-elf/4.1.2/../../../../nios2-elf/lib\libm.a(lib_a-e_sqrt.o)
                0x020039fc                __ieee754_sqrt
 .text          0x02003cc4      0x698 c:/altera/12.1sp1/nios2eds/bin/gnu/h-i686-mingw32/bin/../lib/gcc/nios2-elf/4.1.2/../../../../nios2-elf/lib\libm.a(lib_a-s_atan.o)
                0x02003cc4                atan
 .text          0x0200435c       0x18 c:/altera/12.1sp1/nios2eds/bin/gnu/h-i686-mingw32/bin/../lib/gcc/nios2-elf/4.1.2/../../../../nios2-elf/lib\libm.a(lib_a-s_fabs.o)
                0x0200435c                fabs
 .text          0x02004374       0x30 c:/altera/12.1sp1/nios2eds/bin/gnu/h-i686-mingw32/bin/../lib/gcc/nios2-elf/4.1.2/../../../../nios2-elf/lib\libm.a(lib_a-s_isnand.o)
                0x02004374                __isnand
 .text          0x020043a4        0x0 c:/altera/12.1sp1/nios2eds/bin/gnu/h-i686-mingw32/bin/../lib/gcc/nios2-elf/4.1.2/../../../../nios2-elf/lib\libm.a(lib_a-s_lib_ver.o)
 .text          0x020043a4        0x8 c:/altera/12.1sp1/nios2eds/bin/gnu/h-i686-mingw32/bin/../lib/gcc/nios2-elf/4.1.2/../../../../nios2-elf/lib\libm.a(lib_a-s_matherr.o)
                0x020043a4                matherr
 .text          0x020043ac      0x2b8 c:/altera/12.1sp1/nios2eds/bin/gnu/h-i686-mingw32/bin/../lib/gcc/nios2-elf/4.1.2\libgcc.a(_addsub_sf.o)
                0x02004590                __subsf3
                0x02004600                __addsf3
 .text          0x02004664      0x1e0 c:/altera/12.1sp1/nios2eds/bin/gnu/h-i686-mingw32/bin/../lib/gcc/nios2-elf/4.1.2\libgcc.a(_mul_sf.o)
                0x02004664                __mulsf3
 .text          0x02004844      0x174 c:/altera/12.1sp1/nios2eds/bin/gnu/h-i686-mingw32/bin/../lib/gcc/nios2-elf/4.1.2\libgcc.a(_div_sf.o)
                0x02004844                __divsf3
 .text          0x020049b8       0x54 c:/altera/12.1sp1/nios2eds/bin/gnu/h-i686-mingw32/bin/../lib/gcc/nios2-elf/4.1.2\libgcc.a(_sf_to_df.o)
                0x020049b8                __extendsfdf2
 .text          0x02004a0c        0x0 c:/altera/12.1sp1/nios2eds/bin/gnu/h-i686-mingw32/bin/../lib/gcc/nios2-elf/4.1.2\libgcc.a(_thenan_sf.o)
 .text          0x02004a0c       0xc0 c:/altera/12.1sp1/nios2eds/bin/gnu/h-i686-mingw32/bin/../lib/gcc/nios2-elf/4.1.2\libgcc.a(_usi_to_sf.o)
                0x02004a0c                __floatunsisf
 .text          0x02004acc      0x504 c:/altera/12.1sp1/nios2eds/bin/gnu/h-i686-mingw32/bin/../lib/gcc/nios2-elf/4.1.2\libgcc.a(_addsub_df.o)
                0x02004edc                __subdf3
                0x02004f5c                __adddf3
 .text          0x02004fd0      0x3c4 c:/altera/12.1sp1/nios2eds/bin/gnu/h-i686-mingw32/bin/../lib/gcc/nios2-elf/4.1.2\libgcc.a(_mul_df.o)
                0x02004fd0                __muldf3
 .text          0x02005394      0x258 c:/altera/12.1sp1/nios2eds/bin/gnu/h-i686-mingw32/bin/../lib/gcc/nios2-elf/4.1.2\libgcc.a(_div_df.o)
                0x02005394                __divdf3
 .text          0x020055ec       0x88 c:/altera/12.1sp1/nios2eds/bin/gnu/h-i686-mingw32/bin/../lib/gcc/nios2-elf/4.1.2\libgcc.a(_gt_df.o)
                0x020055ec                __gtdf2
 .text          0x02005674       0x88 c:/altera/12.1sp1/nios2eds/bin/gnu/h-i686-mingw32/bin/../lib/gcc/nios2-elf/4.1.2\libgcc.a(_lt_df.o)
                0x02005674                __ltdf2
 .text          0x020056fc       0xf8 c:/altera/12.1sp1/nios2eds/bin/gnu/h-i686-mingw32/bin/../lib/gcc/nios2-elf/4.1.2\libgcc.a(_si_to_df.o)
                0x020056fc                __floatsidf
 .text          0x020057f4       0xd8 c:/altera/12.1sp1/nios2eds/bin/gnu/h-i686-mingw32/bin/../lib/gcc/nios2-elf/4.1.2\libgcc.a(_df_to_si.o)
                0x020057f4                __fixdfsi
 .text          0x020058cc       0x38 c:/altera/12.1sp1/nios2eds/bin/gnu/h-i686-mingw32/bin/../lib/gcc/nios2-elf/4.1.2\libgcc.a(_make_df.o)
                0x020058cc                __make_dp
 .text          0x02005904       0x74 c:/altera/12.1sp1/nios2eds/bin/gnu/h-i686-mingw32/bin/../lib/gcc/nios2-elf/4.1.2\libgcc.a(_df_to_sf.o)
                0x02005904                __truncdfsf2
 .text          0x02005978        0x0 c:/altera/12.1sp1/nios2eds/bin/gnu/h-i686-mingw32/bin/../lib/gcc/nios2-elf/4.1.2\libgcc.a(_thenan_df.o)
 .text          0x02005978      0x14c c:/altera/12.1sp1/nios2eds/bin/gnu/h-i686-mingw32/bin/../lib/gcc/nios2-elf/4.1.2\libgcc.a(lib2-divmod.o)
                0x020059f4                __divsi3
                0x02005a54                __modsi3
                0x02005ab4                __udivsi3
                0x02005abc                __umodsi3
 .text          0x02005ac4       0x98 c:/altera/12.1sp1/nios2eds/bin/gnu/h-i686-mingw32/bin/../lib/gcc/nios2-elf/4.1.2\libgcc.a(_muldi3.o)
                0x02005ac4                __muldi3
 .text          0x02005b5c       0x80 c:/altera/12.1sp1/nios2eds/bin/gnu/h-i686-mingw32/bin/../lib/gcc/nios2-elf/4.1.2\libgcc.a(_clzsi2.o)
                0x02005b5c                __clzsi2
 .text          0x02005bdc      0x160 c:/altera/12.1sp1/nios2eds/bin/gnu/h-i686-mingw32/bin/../lib/gcc/nios2-elf/4.1.2\libgcc.a(_pack_sf.o)
                0x02005bdc                __pack_f
 .text          0x02005d3c       0xc8 c:/altera/12.1sp1/nios2eds/bin/gnu/h-i686-mingw32/bin/../lib/gcc/nios2-elf/4.1.2\libgcc.a(_unpack_sf.o)
                0x02005d3c                __unpack_f
 .text          0x02005e04       0x2c c:/altera/12.1sp1/nios2eds/bin/gnu/h-i686-mingw32/bin/../lib/gcc/nios2-elf/4.1.2\libgcc.a(_make_sf.o)
                0x02005e04                __make_fp
 .text          0x02005e30      0x314 c:/altera/12.1sp1/nios2eds/bin/gnu/h-i686-mingw32/bin/../lib/gcc/nios2-elf/4.1.2\libgcc.a(_pack_df.o)
                0x02005e30                __pack_d
 .text          0x02006144      0x138 c:/altera/12.1sp1/nios2eds/bin/gnu/h-i686-mingw32/bin/../lib/gcc/nios2-elf/4.1.2\libgcc.a(_unpack_df.o)
                0x02006144                __unpack_d
 .text          0x0200627c       0xc8 c:/altera/12.1sp1/nios2eds/bin/gnu/h-i686-mingw32/bin/../lib/gcc/nios2-elf/4.1.2\libgcc.a(_fpcmp_parts_df.o)
                0x0200627c                __fpcmp_parts_d
 .text          0x02006344        0x0 c:/altera/12.1sp1/nios2eds/bin/gnu/h-i686-mingw32/bin/../lib/gcc/nios2-elf/4.1.2\libgcc.a(_clz.o)
 .text          0x02006344       0x10 c:/altera/12.1sp1/nios2eds/bin/gnu/h-i686-mingw32/bin/../lib/gcc/nios2-elf/4.1.2/../../../../nios2-elf/lib\libc.a(lib_a-errno.o)
                0x02006344                __errno
 .text          0x02006354        0x0 c:/altera/12.1sp1/nios2eds/bin/gnu/h-i686-mingw32/bin/../lib/gcc/nios2-elf/4.1.2/../../../../nios2-elf/lib\libc.a(lib_a-impure.o)
 .text          0x02006354       0x28 c:/altera/12.1sp1/nios2eds/bin/gnu/h-i686-mingw32/bin/../lib/gcc/nios2-elf/4.1.2/../../../../nios2-elf/lib\libc.a(lib_a-malloc.o)
                0x02006354                free
                0x02006368                malloc
 .text          0x0200637c      0x740 c:/altera/12.1sp1/nios2eds/bin/gnu/h-i686-mingw32/bin/../lib/gcc/nios2-elf/4.1.2/../../../../nios2-elf/lib\libc.a(lib_a-mallocr.o)
                0x0200637c                _malloc_r
 .text          0x02006abc       0x78 c:/altera/12.1sp1/nios2eds/bin/gnu/h-i686-mingw32/bin/../lib/gcc/nios2-elf/4.1.2/../../../../nios2-elf/lib\libc.a(lib_a-printf.o)
                0x02006abc                printf
                0x02006b00                _printf_r
 .text          0x02006b34       0xb4 c:/altera/12.1sp1/nios2eds/bin/gnu/h-i686-mingw32/bin/../lib/gcc/nios2-elf/4.1.2/../../../../nios2-elf/lib\libc.a(lib_a-puts.o)
                0x02006b34                _puts_r
                0x02006bd4                puts
 .text          0x02006be8       0x70 c:/altera/12.1sp1/nios2eds/bin/gnu/h-i686-mingw32/bin/../lib/gcc/nios2-elf/4.1.2/../../../../nios2-elf/lib\libc.a(lib_a-sbrkr.o)
                0x02006be8                _sbrk_r
 .text          0x02006c58       0x7c c:/altera/12.1sp1/nios2eds/bin/gnu/h-i686-mingw32/bin/../lib/gcc/nios2-elf/4.1.2/../../../../nios2-elf/lib\libc.a(lib_a-scanf.o)
                0x02006c58                _scanf_r
                0x02006c8c                scanf
 .text          0x02006cd4       0x74 c:/altera/12.1sp1/nios2eds/bin/gnu/h-i686-mingw32/bin/../lib/gcc/nios2-elf/4.1.2/../../../../nios2-elf/lib\libc.a(lib_a-strlen.o)
                0x02006cd4                strlen
 .text          0x02006d48     0x1f28 c:/altera/12.1sp1/nios2eds/bin/gnu/h-i686-mingw32/bin/../lib/gcc/nios2-elf/4.1.2/../../../../nios2-elf/lib\libc.a(lib_a-vfprintf.o)
                0x02006da0                ___vfprintf_internal_r
                0x02008c4c                __vfprintf_internal
 .text          0x02008c70     0x1780 c:/altera/12.1sp1/nios2eds/bin/gnu/h-i686-mingw32/bin/../lib/gcc/nios2-elf/4.1.2/../../../../nios2-elf/lib\libc.a(lib_a-vfscanf.o)
                0x02008c70                __svfscanf_r
                0x0200a2f0                __svfscanf
                0x0200a314                _vfscanf_r
                0x0200a37c                vfscanf
 .text          0x0200a3f0      0x13c c:/altera/12.1sp1/nios2eds/bin/gnu/h-i686-mingw32/bin/../lib/gcc/nios2-elf/4.1.2/../../../../nios2-elf/lib\libc.a(lib_a-wsetup.o)
                0x0200a3f0                __swsetup_r
 .text          0x0200a52c        0x0 c:/altera/12.1sp1/nios2eds/bin/gnu/h-i686-mingw32/bin/../lib/gcc/nios2-elf/4.1.2/../../../../nios2-elf/lib\libc.a(lib_a-ctype_.o)
 .text          0x0200a52c     0x17cc c:/altera/12.1sp1/nios2eds/bin/gnu/h-i686-mingw32/bin/../lib/gcc/nios2-elf/4.1.2/../../../../nios2-elf/lib\libc.a(lib_a-dtoa.o)
                0x0200a744                _dtoa_r
 .text          0x0200bcf8      0x230 c:/altera/12.1sp1/nios2eds/bin/gnu/h-i686-mingw32/bin/../lib/gcc/nios2-elf/4.1.2/../../../../nios2-elf/lib\libc.a(lib_a-fflush.o)
                0x0200bcf8                _fflush_r
                0x0200bef4                fflush
 .text          0x0200bf28      0x2c0 c:/altera/12.1sp1/nios2eds/bin/gnu/h-i686-mingw32/bin/../lib/gcc/nios2-elf/4.1.2/../../../../nios2-elf/lib\libc.a(lib_a-findfp.o)
                0x0200bf80                __sfp_lock_acquire
                0x0200bf84                __sfp_lock_release
                0x0200bf88                __sinit_lock_acquire
                0x0200bf8c                __sinit_lock_release
                0x0200bf90                __sinit
                0x0200c044                __fp_unlock_all
                0x0200c05c                __fp_lock_all
                0x0200c074                _cleanup_r
                0x0200c080                _cleanup
                0x0200c090                __sfmoreglue
                0x0200c0f8                __sfp
 .text          0x0200c1e8      0x23c c:/altera/12.1sp1/nios2eds/bin/gnu/h-i686-mingw32/bin/../lib/gcc/nios2-elf/4.1.2/../../../../nios2-elf/lib\libc.a(lib_a-fread.o)
                0x0200c1e8                _fread_r
                0x0200c3e4                fread
 .text          0x0200c424      0x440 c:/altera/12.1sp1/nios2eds/bin/gnu/h-i686-mingw32/bin/../lib/gcc/nios2-elf/4.1.2/../../../../nios2-elf/lib\libc.a(lib_a-freer.o)
                0x0200c424                _malloc_trim_r
                0x0200c550                _free_r
 .text          0x0200c864      0x49c c:/altera/12.1sp1/nios2eds/bin/gnu/h-i686-mingw32/bin/../lib/gcc/nios2-elf/4.1.2/../../../../nios2-elf/lib\libc.a(lib_a-fvwrite.o)
                0x0200c864                __sfvwrite_r
 .text          0x0200cd00      0x180 c:/altera/12.1sp1/nios2eds/bin/gnu/h-i686-mingw32/bin/../lib/gcc/nios2-elf/4.1.2/../../../../nios2-elf/lib\libc.a(lib_a-fwalk.o)
                0x0200cd00                _fwalk_reent
                0x0200cdc8                _fwalk
 .text          0x0200ce80        0x0 c:/altera/12.1sp1/nios2eds/bin/gnu/h-i686-mingw32/bin/../lib/gcc/nios2-elf/4.1.2/../../../../nios2-elf/lib\libc.a(lib_a-int_errno.o)
 .text          0x0200ce80       0x2c c:/altera/12.1sp1/nios2eds/bin/gnu/h-i686-mingw32/bin/../lib/gcc/nios2-elf/4.1.2/../../../../nios2-elf/lib\libc.a(lib_a-iswspace.o)
                0x0200ce80                iswspace
 .text          0x0200ceac       0xc4 c:/altera/12.1sp1/nios2eds/bin/gnu/h-i686-mingw32/bin/../lib/gcc/nios2-elf/4.1.2/../../../../nios2-elf/lib\libc.a(lib_a-locale.o)
                0x0200ceac                __locale_charset
                0x0200ceb4                _localeconv_r
                0x0200cec0                localeconv
                0x0200ced0                _setlocale_r
                0x0200cf54                setlocale
 .text          0x0200cf70      0x194 c:/altera/12.1sp1/nios2eds/bin/gnu/h-i686-mingw32/bin/../lib/gcc/nios2-elf/4.1.2/../../../../nios2-elf/lib\libc.a(lib_a-makebuf.o)
                0x0200cf70                __smakebuf_r
 .text          0x0200d104       0xc0 c:/altera/12.1sp1/nios2eds/bin/gnu/h-i686-mingw32/bin/../lib/gcc/nios2-elf/4.1.2/../../../../nios2-elf/lib\libc.a(lib_a-mbrtowc.o)
                0x0200d104                _mbrtowc_r
                0x0200d184                mbrtowc
 .text          0x0200d1c4       0x40 c:/altera/12.1sp1/nios2eds/bin/gnu/h-i686-mingw32/bin/../lib/gcc/nios2-elf/4.1.2/../../../../nios2-elf/lib\libc.a(lib_a-mbtowc_r.o)
                0x0200d1c4                _mbtowc_r
 .text          0x0200d204       0xe4 c:/altera/12.1sp1/nios2eds/bin/gnu/h-i686-mingw32/bin/../lib/gcc/nios2-elf/4.1.2/../../../../nios2-elf/lib\libc.a(lib_a-memchr.o)
                0x0200d204                memchr
 .text          0x0200d2e8       0xa0 c:/altera/12.1sp1/nios2eds/bin/gnu/h-i686-mingw32/bin/../lib/gcc/nios2-elf/4.1.2/../../../../nios2-elf/lib\libc.a(lib_a-memcpy.o)
                0x0200d2e8                memcpy
 .text          0x0200d388       0xe0 c:/altera/12.1sp1/nios2eds/bin/gnu/h-i686-mingw32/bin/../lib/gcc/nios2-elf/4.1.2/../../../../nios2-elf/lib\libc.a(lib_a-memmove.o)
                0x0200d388                memmove
 .text          0x0200d468       0x98 c:/altera/12.1sp1/nios2eds/bin/gnu/h-i686-mingw32/bin/../lib/gcc/nios2-elf/4.1.2/../../../../nios2-elf/lib\libc.a(lib_a-memset.o)
                0x0200d468                memset
 .text          0x0200d500      0xff4 c:/altera/12.1sp1/nios2eds/bin/gnu/h-i686-mingw32/bin/../lib/gcc/nios2-elf/4.1.2/../../../../nios2-elf/lib\libc.a(lib_a-mprec.o)
                0x0200d500                _Bfree
                0x0200d528                __hi0bits
                0x0200d598                __lo0bits
                0x0200d65c                __mcmp
                0x0200d6bc                __ulp
                0x0200d73c                __b2d
                0x0200d85c                __ratio
                0x0200d90c                _mprec_log10
                0x0200d9a0                __copybits
                0x0200d9f8                __any_on
                0x0200da80                _Balloc
                0x0200db3c                __d2b
                0x0200dcb8                __mdiff
                0x0200de44                __lshift
                0x0200df90                __multiply
                0x0200e178                __i2b
                0x0200e1b4                __multadd
                0x0200e2b4                __pow5mult
                0x0200e3d4                __s2b
 .text          0x0200e4f4      0x5f4 c:/altera/12.1sp1/nios2eds/bin/gnu/h-i686-mingw32/bin/../lib/gcc/nios2-elf/4.1.2/../../../../nios2-elf/lib\libc.a(lib_a-reallocr.o)
                0x0200e4f4                _realloc_r
 .text          0x0200eae8      0x1e0 c:/altera/12.1sp1/nios2eds/bin/gnu/h-i686-mingw32/bin/../lib/gcc/nios2-elf/4.1.2/../../../../nios2-elf/lib\libc.a(lib_a-refill.o)
                0x0200eae8                __srefill_r
 .text          0x0200ecc8       0x40 c:/altera/12.1sp1/nios2eds/bin/gnu/h-i686-mingw32/bin/../lib/gcc/nios2-elf/4.1.2/../../../../nios2-elf/lib\libc.a(lib_a-s_isinfd.o)
                0x0200ecc8                __isinfd
 .text          0x0200ed08       0xc0 c:/altera/12.1sp1/nios2eds/bin/gnu/h-i686-mingw32/bin/../lib/gcc/nios2-elf/4.1.2/../../../../nios2-elf/lib\libc.a(lib_a-sccl.o)
                0x0200ed08                __sccl
 .text          0x0200edc8        0x8 c:/altera/12.1sp1/nios2eds/bin/gnu/h-i686-mingw32/bin/../lib/gcc/nios2-elf/4.1.2/../../../../nios2-elf/lib\libc.a(lib_a-sf_nan.o)
                0x0200edc8                nanf
 .text          0x0200edd0       0xd4 c:/altera/12.1sp1/nios2eds/bin/gnu/h-i686-mingw32/bin/../lib/gcc/nios2-elf/4.1.2/../../../../nios2-elf/lib\libc.a(lib_a-sprintf.o)
                0x0200edd0                sprintf
                0x0200ee44                _sprintf_r
 .text          0x0200eea4      0x14c c:/altera/12.1sp1/nios2eds/bin/gnu/h-i686-mingw32/bin/../lib/gcc/nios2-elf/4.1.2/../../../../nios2-elf/lib\libc.a(lib_a-stdio.o)
                0x0200eea4                __sclose
                0x0200eeac                __sseek
                0x0200ef14                __swrite
                0x0200ef90                __sread
 .text          0x0200eff0       0xbc c:/altera/12.1sp1/nios2eds/bin/gnu/h-i686-mingw32/bin/../lib/gcc/nios2-elf/4.1.2/../../../../nios2-elf/lib\libc.a(lib_a-strcmp.o)
                0x0200eff0                strcmp
 .text          0x0200f0ac     0x166c c:/altera/12.1sp1/nios2eds/bin/gnu/h-i686-mingw32/bin/../lib/gcc/nios2-elf/4.1.2/../../../../nios2-elf/lib\libc.a(lib_a-strtod.o)
                0x0200f0f4                _strtod_r
                0x020105d8                strtof
                0x020106fc                strtod
 .text          0x02010718      0x268 c:/altera/12.1sp1/nios2eds/bin/gnu/h-i686-mingw32/bin/../lib/gcc/nios2-elf/4.1.2/../../../../nios2-elf/lib\libc.a(lib_a-strtol.o)
                0x02010718                _strtol_r
                0x0201095c                strtol
 .text          0x02010980      0x318 c:/altera/12.1sp1/nios2eds/bin/gnu/h-i686-mingw32/bin/../lib/gcc/nios2-elf/4.1.2/../../../../nios2-elf/lib\libc.a(lib_a-strtoll_r.o)
                0x02010980                _strtoll_r
 .text          0x02010c98      0x254 c:/altera/12.1sp1/nios2eds/bin/gnu/h-i686-mingw32/bin/../lib/gcc/nios2-elf/4.1.2/../../../../nios2-elf/lib\libc.a(lib_a-strtoul.o)
                0x02010c98                _strtoul_r
                0x02010ec8                strtoul
 .text          0x02010eec      0x2f0 c:/altera/12.1sp1/nios2eds/bin/gnu/h-i686-mingw32/bin/../lib/gcc/nios2-elf/4.1.2/../../../../nios2-elf/lib\libc.a(lib_a-strtoull_r.o)
                0x02010eec                _strtoull_r
 .text          0x020111dc      0x294 c:/altera/12.1sp1/nios2eds/bin/gnu/h-i686-mingw32/bin/../lib/gcc/nios2-elf/4.1.2/../../../../nios2-elf/lib\libc.a(lib_a-ungetc.o)
                0x020111dc                __submore
                0x020112b8                _ungetc_r
                0x02011454                ungetc
 .text          0x02011470       0x78 c:/altera/12.1sp1/nios2eds/bin/gnu/h-i686-mingw32/bin/../lib/gcc/nios2-elf/4.1.2/../../../../nios2-elf/lib\libc.a(lib_a-writer.o)
                0x02011470                _write_r
 .text          0x020114e8       0xb4 c:/altera/12.1sp1/nios2eds/bin/gnu/h-i686-mingw32/bin/../lib/gcc/nios2-elf/4.1.2/../../../../nios2-elf/lib\libc.a(lib_a-callocr.o)
                0x020114e8                _calloc_r
 .text          0x0201159c       0x70 c:/altera/12.1sp1/nios2eds/bin/gnu/h-i686-mingw32/bin/../lib/gcc/nios2-elf/4.1.2/../../../../nios2-elf/lib\libc.a(lib_a-closer.o)
                0x0201159c                _close_r
 .text          0x0201160c      0x124 c:/altera/12.1sp1/nios2eds/bin/gnu/h-i686-mingw32/bin/../lib/gcc/nios2-elf/4.1.2/../../../../nios2-elf/lib\libc.a(lib_a-fclose.o)
                0x0201160c                _fclose_r
                0x0201171c                fclose
 .text          0x02011730       0x74 c:/altera/12.1sp1/nios2eds/bin/gnu/h-i686-mingw32/bin/../lib/gcc/nios2-elf/4.1.2/../../../../nios2-elf/lib\libc.a(lib_a-fstatr.o)
                0x02011730                _fstat_r
 .text          0x020117a4      0x8f4 c:/altera/12.1sp1/nios2eds/bin/gnu/h-i686-mingw32/bin/../lib/gcc/nios2-elf/4.1.2/../../../../nios2-elf/lib\libc.a(lib_a-gdtoa-gethex.o)
                0x020117c8                __hexdig_init
                0x020118e0                __gethex
 .text          0x02012098      0x294 c:/altera/12.1sp1/nios2eds/bin/gnu/h-i686-mingw32/bin/../lib/gcc/nios2-elf/4.1.2/../../../../nios2-elf/lib\libc.a(lib_a-gdtoa-hexnan.o)
                0x020120e4                __hexnan
 .text          0x0201232c       0x70 c:/altera/12.1sp1/nios2eds/bin/gnu/h-i686-mingw32/bin/../lib/gcc/nios2-elf/4.1.2/../../../../nios2-elf/lib\libc.a(lib_a-isattyr.o)
                0x0201232c                _isatty_r
 .text          0x0201239c       0x78 c:/altera/12.1sp1/nios2eds/bin/gnu/h-i686-mingw32/bin/../lib/gcc/nios2-elf/4.1.2/../../../../nios2-elf/lib\libc.a(lib_a-lseekr.o)
                0x0201239c                _lseek_r
 .text          0x02012414       0x78 c:/altera/12.1sp1/nios2eds/bin/gnu/h-i686-mingw32/bin/../lib/gcc/nios2-elf/4.1.2/../../../../nios2-elf/lib\libc.a(lib_a-readr.o)
                0x02012414                _read_r
 .text          0x0201248c       0xa4 c:/altera/12.1sp1/nios2eds/bin/gnu/h-i686-mingw32/bin/../lib/gcc/nios2-elf/4.1.2\libgcc.a(_fixunsdfsi.o)
                0x0201248c                __fixunsdfsi
 .text          0x02012530      0x5dc c:/altera/12.1sp1/nios2eds/bin/gnu/h-i686-mingw32/bin/../lib/gcc/nios2-elf/4.1.2\libgcc.a(_udivdi3.o)
                0x02012530                __udivdi3
 .text          0x02012b0c      0x5b0 c:/altera/12.1sp1/nios2eds/bin/gnu/h-i686-mingw32/bin/../lib/gcc/nios2-elf/4.1.2\libgcc.a(_umoddi3.o)
                0x02012b0c                __umoddi3
 .text          0x020130bc       0x78 c:/altera/12.1sp1/nios2eds/bin/gnu/h-i686-mingw32/bin/../lib/gcc/nios2-elf/4.1.2\libgcc.a(_ne_sf.o)
                0x020130bc                __nesf2
 .text          0x02013134       0x78 c:/altera/12.1sp1/nios2eds/bin/gnu/h-i686-mingw32/bin/../lib/gcc/nios2-elf/4.1.2\libgcc.a(_gt_sf.o)
                0x02013134                __gtsf2
 .text          0x020131ac       0x78 c:/altera/12.1sp1/nios2eds/bin/gnu/h-i686-mingw32/bin/../lib/gcc/nios2-elf/4.1.2\libgcc.a(_lt_sf.o)
                0x020131ac                __ltsf2
 .text          0x02013224       0x88 c:/altera/12.1sp1/nios2eds/bin/gnu/h-i686-mingw32/bin/../lib/gcc/nios2-elf/4.1.2\libgcc.a(_eq_df.o)
                0x02013224                __eqdf2
 .text          0x020132ac       0x88 c:/altera/12.1sp1/nios2eds/bin/gnu/h-i686-mingw32/bin/../lib/gcc/nios2-elf/4.1.2\libgcc.a(_ne_df.o)
                0x020132ac                __nedf2
 .text          0x02013334       0x88 c:/altera/12.1sp1/nios2eds/bin/gnu/h-i686-mingw32/bin/../lib/gcc/nios2-elf/4.1.2\libgcc.a(_ge_df.o)
                0x02013334                __gedf2
 .text          0x020133bc       0x88 c:/altera/12.1sp1/nios2eds/bin/gnu/h-i686-mingw32/bin/../lib/gcc/nios2-elf/4.1.2\libgcc.a(_le_df.o)
                0x020133bc                __ledf2
 .text          0x02013444      0x194 c:/altera/12.1sp1/nios2eds/bin/gnu/h-i686-mingw32/bin/../lib/gcc/nios2-elf/4.1.2\libgcc.a(_usi_to_df.o)
                0x02013444                __floatunsidf
 .text          0x020135d8       0xa8 c:/altera/12.1sp1/nios2eds/bin/gnu/h-i686-mingw32/bin/../lib/gcc/nios2-elf/4.1.2\libgcc.a(_fpcmp_parts_sf.o)
                0x020135d8                __fpcmp_parts_f
 .text          0x02013680      0x15c ../ROBOT_bsp/\libucosii_bsp.a(alt_close.o)
                0x02013680                close
 .text          0x020137dc       0x78 ../ROBOT_bsp/\libucosii_bsp.a(alt_dcache_flush.o)
                0x020137dc                alt_dcache_flush
 .text          0x02013854       0x44 ../ROBOT_bsp/\libucosii_bsp.a(alt_dcache_flush_all.o)
                0x02013854                alt_dcache_flush_all
 .text          0x02013898       0x2c ../ROBOT_bsp/\libucosii_bsp.a(alt_dev.o)
 .text          0x020138c4        0x0 ../ROBOT_bsp/\libucosii_bsp.a(alt_errno.o)
 .text          0x020138c4       0xd0 ../ROBOT_bsp/\libucosii_bsp.a(alt_flash_dev.o)
                0x020138c4                alt_flash_open_dev
                0x02013940                alt_flash_close_dev
 .text          0x02013994      0x134 ../ROBOT_bsp/\libucosii_bsp.a(alt_fstat.o)
                0x02013994                fstat
 .text          0x02013ac8      0x1c0 ../ROBOT_bsp/\libucosii_bsp.a(alt_irq_register.o)
                0x02013ac8                alt_irq_register
 .text          0x02013c88        0x0 ../ROBOT_bsp/\libucosii_bsp.a(alt_irq_vars.o)
 .text          0x02013c88      0x120 ../ROBOT_bsp/\libucosii_bsp.a(alt_isatty.o)
                0x02013c88                isatty
 .text          0x02013da8       0xec ../ROBOT_bsp/\libucosii_bsp.a(alt_load.o)
                0x02013da8                alt_load
 .text          0x02013e94      0x150 ../ROBOT_bsp/\libucosii_bsp.a(alt_lseek.o)
                0x02013e94                lseek
 .text          0x02013fe4       0xc8 ../ROBOT_bsp/\libucosii_bsp.a(alt_main.o)
                0x02013fe4                alt_main
 .text          0x020140ac      0x180 ../ROBOT_bsp/\libucosii_bsp.a(alt_read.o)
                0x020140ac                read
 .text          0x0201422c       0x60 ../ROBOT_bsp/\libucosii_bsp.a(alt_release_fd.o)
                0x0201422c                alt_release_fd
 .text          0x0201428c       0xbc ../ROBOT_bsp/\libucosii_bsp.a(alt_sbrk.o)
                0x0201428c                sbrk
 .text          0x02014348      0x1a8 ../ROBOT_bsp/\libucosii_bsp.a(alt_tick.o)
                0x02014348                alt_alarm_stop
                0x020143e0                alt_tick
 .text          0x020144f0      0x118 ../ROBOT_bsp/\libucosii_bsp.a(alt_usleep.o)
                0x020144f0                usleep
 .text          0x02014608      0x180 ../ROBOT_bsp/\libucosii_bsp.a(alt_write.o)
                0x02014608                write
 .text          0x02014788      0x108 ../ROBOT_bsp/\libucosii_bsp.a(alt_env_lock.o)
                0x02014788                __env_lock
                0x02014834                __env_unlock
 .text          0x02014890      0x1d8 ../ROBOT_bsp/\libucosii_bsp.a(alt_malloc_lock.o)
                0x02014890                __malloc_lock
                0x02014998                __malloc_unlock
 .text          0x02014a68     0x2128 ../ROBOT_bsp/\libucosii_bsp.a(os_core.o)
                0x02014a68                OSEventNameGet
                0x02014b98                OSEventNameSet
                0x02014cdc                OSEventPendMulti
                0x02015390                OSInit
                0x020153e4                OSIntEnter
                0x02015460                OSIntExit
                0x02015560                OSSchedLock
                0x020155ec                OSSchedUnlock
                0x020156d0                OSStart
                0x02015740                OSStatInit
                0x020157ec                OSTimeTick
                0x02015a2c                OSVersion
                0x02015a4c                OS_Dummy
                0x02015a68                OS_EventTaskRdy
                0x02015bfc                OS_EventTaskWait
                0x02015d0c                OS_EventTaskWaitMulti
                0x02015e60                OS_EventTaskRemove
                0x02015f18                OS_EventTaskRemoveMulti
                0x0201601c                OS_EventWaitListInit
                0x020163e8                OS_MemClr
                0x0201643c                OS_MemCopy
                0x020164a8                OS_Sched
                0x020165ec                OS_StrCopy
                0x0201666c                OS_StrLen
                0x020166c4                OS_TaskIdle
                0x02016720                OS_TaskStat
                0x020167e8                OS_TaskStatStkChk
                0x020168b0                OS_TCBInit
 .text          0x02016b90      0x18c ../ROBOT_bsp/\libucosii_bsp.a(os_dbg.o)
                0x02016b90                OSDebugInit
 .text          0x02016d1c     0x193c ../ROBOT_bsp/\libucosii_bsp.a(os_flag.o)
                0x02016d1c                OSFlagAccept
                0x02017050                OSFlagCreate
                0x0201718c                OSFlagDel
                0x02017434                OSFlagNameGet
                0x02017578                OSFlagNameSet
                0x020176cc                OSFlagPend
                0x02017d10                OSFlagPendGetFlagsRdy
                0x02017d78                OSFlagPost
                0x02018120                OSFlagQuery
                0x020183b8                OS_FlagInit
                0x020185ac                OS_FlagUnlink
 .text          0x02018658      0x808 ../ROBOT_bsp/\libucosii_bsp.a(os_mem.o)
                0x02018658                OSMemCreate
                0x02018874                OSMemGet
                0x02018978                OSMemNameGet
                0x02018a84                OSMemNameSet
                0x02018ba4                OSMemPut
                0x02018c94                OSMemQuery
                0x02018d90                OS_MemInit
 .text          0x02018e60     0x1334 ../ROBOT_bsp/\libucosii_bsp.a(os_q.o)
                0x02018e60                OSQAccept
                0x02018fb4                OSQCreate
                0x020191c8                OSQDel
                0x020194c8                OSQFlush
                0x02019590                OSQPend
                0x020198b0                OSQPendAbort
                0x02019a2c                OSQPost
                0x02019bac                OSQPostFront
                0x02019d34                OSQPostOpt
                0x02019f68                OSQQuery
                0x0201a0e8                OS_QInit
 .text          0x0201a194      0xbc8 ../ROBOT_bsp/\libucosii_bsp.a(os_sem.o)
                0x0201a194                OSSemAccept
                0x0201a254                OSSemCreate
                0x0201a368                OSSemDel
                0x0201a608                OSSemPend
                0x0201a884                OSSemPendAbort
                0x0201aa00                OSSemPost
                0x0201ab28                OSSemQuery
                0x0201ac58                OSSemSet
 .text          0x0201ad5c     0x1a40 ../ROBOT_bsp/\libucosii_bsp.a(os_task.o)
                0x0201ad5c                OSTaskChangePrio
                0x0201b2d0                OSTaskCreate
                0x0201b4a4                OSTaskCreateExt
                0x0201b6a4                OSTaskDel
                0x0201bab0                OSTaskDelReq
                0x0201bc20                OSTaskNameGet
                0x0201bdd8                OSTaskNameSet
                0x0201bf9c                OSTaskResume
                0x0201c1b4                OSTaskStkChk
                0x0201c3b0                OSTaskSuspend
                0x0201c5dc                OSTaskQuery
                0x0201c720                OS_TaskStkClr
 .text          0x0201c79c      0x598 ../ROBOT_bsp/\libucosii_bsp.a(os_time.o)
                0x0201c79c                OSTimeDly
                0x0201c8e8                OSTimeDlyHMSM
                0x0201ca5c                OSTimeDlyResume
                0x0201cc6c                OSTimeGet
                0x0201ccd0                OSTimeSet
 .text          0x0201cd34       0xd0 ../ROBOT_bsp/\libucosii_bsp.a(alt_sys_init.o)
                0x0201cd34                alt_irq_init
                0x0201cd68                alt_sys_init
 .text          0x0201ce04      0x9e4 ../ROBOT_bsp/\libucosii_bsp.a(altera_avalon_epcs_flash_controller.o)
                0x0201ce04                alt_epcs_flash_init
                0x0201d220                alt_epcs_flash_write
                0x0201d4a0                alt_epcs_flash_get_info
                0x0201d530                alt_epcs_flash_erase_block
                0x0201d634                alt_epcs_flash_write_block
                0x0201d750                alt_epcs_flash_read
 .text          0x0201d7e8      0x148 ../ROBOT_bsp/\libucosii_bsp.a(altera_avalon_jtag_uart_fd.o)
                0x0201d7e8                altera_avalon_jtag_uart_read_fd
                0x0201d840                altera_avalon_jtag_uart_write_fd
                0x0201d898                altera_avalon_jtag_uart_close_fd
                0x0201d8e0                altera_avalon_jtag_uart_ioctl_fd
 .text          0x0201d930      0x584 ../ROBOT_bsp/\libucosii_bsp.a(altera_avalon_jtag_uart_init.o)
                0x0201d930                altera_avalon_jtag_uart_init
                0x0201de40                altera_avalon_jtag_uart_close
 .text          0x0201deb4       0xf4 ../ROBOT_bsp/\libucosii_bsp.a(altera_avalon_jtag_uart_ioctl.o)
                0x0201deb4                altera_avalon_jtag_uart_ioctl
 .text          0x0201dfa8      0x2c0 ../ROBOT_bsp/\libucosii_bsp.a(altera_avalon_jtag_uart_read.o)
                0x0201dfa8                altera_avalon_jtag_uart_read
 .text          0x0201e268      0x2dc ../ROBOT_bsp/\libucosii_bsp.a(altera_avalon_jtag_uart_write.o)
                0x0201e268                altera_avalon_jtag_uart_write
 .text          0x0201e544      0x100 ../ROBOT_bsp/\libucosii_bsp.a(altera_avalon_timer_sc.o)
                0x0201e5b4                alt_avalon_timer_sc_init
 .text          0x0201e644      0x6d4 ../ROBOT_bsp/\libucosii_bsp.a(epcs_commands.o)
                0x0201e644                epcs_read_status_register
                0x0201e6a4                epcs_sector_erase
                0x0201e80c                epcs_read_buffer
                0x0201e958                epcs_write_enable
                0x0201e9a8                epcs_write_status_register
                0x0201ea0c                epcs_write_buffer
                0x0201eb7c                epcs_read_electronic_signature
                0x0201ebe8                epcs_read_device_id
                0x0201ec68                epcs_enter_4_bytes_mode
                0x0201ecc0                epcs_exit_4_bytes_mode
 .text          0x0201ed18      0x154 ../ROBOT_bsp/\libucosii_bsp.a(alt_alarm_start.o)
                0x0201ed18                alt_alarm_start
 .text          0x0201ee6c      0x14c ../ROBOT_bsp/\libucosii_bsp.a(alt_busy_sleep.o)
                0x0201ee6c                alt_busy_sleep
 .text          0x0201efb8      0x114 ../ROBOT_bsp/\libucosii_bsp.a(alt_dev_llist_insert.o)
                0x0201efb8                alt_dev_llist_insert
 .text          0x0201f0cc       0x64 ../ROBOT_bsp/\libucosii_bsp.a(alt_do_ctors.o)
                0x0201f0cc                _do_ctors
 .text          0x0201f130       0x64 ../ROBOT_bsp/\libucosii_bsp.a(alt_do_dtors.o)
                0x0201f130                _do_dtors
 .text          0x0201f194       0x94 ../ROBOT_bsp/\libucosii_bsp.a(alt_find_dev.o)
                0x0201f194                alt_find_dev
 .text          0x0201f228       0x30 ../ROBOT_bsp/\libucosii_bsp.a(alt_icache_flush_all.o)
                0x0201f228                alt_icache_flush_all
 .text          0x0201f258      0x1d4 ../ROBOT_bsp/\libucosii_bsp.a(alt_iic.o)
                0x0201f258                alt_ic_isr_register
                0x0201f2a8                alt_ic_irq_enable
                0x0201f344                alt_ic_irq_disable
                0x0201f3e4                alt_ic_irq_enabled
 .text          0x0201f42c       0xf8 ../ROBOT_bsp/\libucosii_bsp.a(alt_iic_isr_register.o)
                0x0201f42c                alt_iic_isr_register
 .text          0x0201f524      0x13c ../ROBOT_bsp/\libucosii_bsp.a(alt_io_redirect.o)
                0x0201f5e8                alt_io_redirect
 .text          0x0201f660        0x0 ../ROBOT_bsp/\libucosii_bsp.a(alt_irq_entry.o)
 .text          0x0201f660        0x0 ../ROBOT_bsp/\libucosii_bsp.a(alt_irq_handler.o)
 .text          0x0201f660      0x2c4 ../ROBOT_bsp/\libucosii_bsp.a(alt_open.o)
                0x0201f73c                open
 .text          0x0201f924       0x20 ../ROBOT_bsp/\libucosii_bsp.a(altera_nios2_qsys_irq.o)
                0x0201f924                altera_nios2_qsys_irq_init
 .text          0x0201f944       0xd0 ../ROBOT_bsp/\libucosii_bsp.a(os_cpu_a.o)
                0x0201f944                OSCtxSw
                0x0201f944                OSIntCtxSw
                0x0201f9d0                OSStartHighRdy
                0x0201f9f0                OSStartTsk
 .text          0x0201fa14      0x418 ../ROBOT_bsp/\libucosii_bsp.a(os_cpu_c.o)
                0x0201fa14                OSTaskStkInit
                0x0201fd24                OSTaskCreateHook
                0x0201fd44                OSTaskDelHook
                0x0201fd64                OSTaskSwHook
                0x0201fd80                OSTaskStatHook
                0x0201fd9c                OSTimeTickHook
                0x0201fdb8                OSInitHookBegin
                0x0201fdd4                OSInitHookEnd
                0x0201fdf0                OSTaskIdleHook
                0x0201fe0c                OSTCBInitHook
 .text          0x0201fe2c      0x238 ../ROBOT_bsp/\libucosii_bsp.a(altera_avalon_spi.o)
                0x0201fe2c                alt_avalon_spi_command
 .text          0x02020064        0x0 ../ROBOT_bsp/\libucosii_bsp.a(alt_exception_entry.o)
 .text          0x02020064      0x120 ../ROBOT_bsp/\libucosii_bsp.a(alt_find_file.o)
                0x02020064                alt_find_file
 .text          0x02020184       0xf4 ../ROBOT_bsp/\libucosii_bsp.a(alt_get_fd.o)
                0x02020184                alt_get_fd
 .text          0x02020278       0x90 ../ROBOT_bsp/\libucosii_bsp.a(alt_icache_flush.o)
                0x02020278                alt_icache_flush
 .text          0x02020308       0x14 c:/altera/12.1sp1/nios2eds/bin/gnu/h-i686-mingw32/bin/../lib/gcc/nios2-elf/4.1.2/../../../../nios2-elf/lib\libc.a(lib_a-atexit.o)
                0x02020308                atexit
 .text          0x0202031c       0x38 c:/altera/12.1sp1/nios2eds/bin/gnu/h-i686-mingw32/bin/../lib/gcc/nios2-elf/4.1.2/../../../../nios2-elf/lib\libc.a(lib_a-exit.o)
                0x0202031c                exit
 .text          0x02020354       0x74 c:/altera/12.1sp1/nios2eds/bin/gnu/h-i686-mingw32/bin/../lib/gcc/nios2-elf/4.1.2/../../../../nios2-elf/lib\libc.a(lib_a-memcmp.o)
                0x02020354                memcmp
 .text          0x020203c8      0x134 c:/altera/12.1sp1/nios2eds/bin/gnu/h-i686-mingw32/bin/../lib/gcc/nios2-elf/4.1.2/../../../../nios2-elf/lib\libc.a(lib_a-__atexit.o)
                0x020203c8                __register_exitproc
 .text          0x020204fc      0x1b4 c:/altera/12.1sp1/nios2eds/bin/gnu/h-i686-mingw32/bin/../lib/gcc/nios2-elf/4.1.2/../../../../nios2-elf/lib\libc.a(lib_a-__call_atexit.o)
                0x02020500                __call_exitprocs
 .text          0x020206b0       0x6c ../ROBOT_bsp/\libucosii_bsp.a(alt_exit.o)
                0x020206f0                _exit
 *(.gnu.warning.*)
 *(.fini)
                0x0202071c                PROVIDE (__etext, ABSOLUTE (.))
                0x0202071c                PROVIDE (_etext, ABSOLUTE (.))
                0x0202071c                PROVIDE (etext, ABSOLUTE (.))
 *(.eh_frame_hdr)
                0x0202071c                . = ALIGN (0x4)
                0x0202071c                PROVIDE (__preinit_array_start, ABSOLUTE (.))
 *(.preinit_array)
                0x0202071c                PROVIDE (__preinit_array_end, ABSOLUTE (.))
                0x0202071c                PROVIDE (__init_array_start, ABSOLUTE (.))
 *(.init_array)
                0x0202071c                PROVIDE (__init_array_end, ABSOLUTE (.))
                0x0202071c                PROVIDE (__fini_array_start, ABSOLUTE (.))
 *(.fini_array)
                0x0202071c                PROVIDE (__fini_array_end, ABSOLUTE (.))
 *(.eh_frame)
 *(.gcc_except_table)
 *(.dynamic)
                0x0202071c                PROVIDE (__CTOR_LIST__, ABSOLUTE (.))
 *(.ctors)
 *(SORT(.ctors.*))
 .ctors.65535   0x0202071c        0x4 c:/altera/12.1sp1/nios2eds/bin/gnu/h-i686-mingw32/bin/../lib/gcc/nios2-elf/4.1.2/../../../../nios2-elf/lib\libc.a(lib_a-__call_atexit.o)
                0x02020720                PROVIDE (__CTOR_END__, ABSOLUTE (.))
                0x02020720                PROVIDE (__DTOR_LIST__, ABSOLUTE (.))
 *(.dtors)
 *(SORT(.dtors.*))
                0x02020720                PROVIDE (__DTOR_END__, ABSOLUTE (.))
 *(.jcr)
                0x02020720                . = ALIGN (0x4)

.rodata         0x02020720      0xc28
                0x02020720                PROVIDE (__ram_rodata_start, ABSOLUTE (.))
                0x02020720                . = ALIGN (0x4)
 *(.rodata .rodata.* .gnu.linkonce.r.*)
 .rodata        0x02020720       0xb8 obj/default/lib/LSM303.o
 .rodata        0x020207d8      0x198 obj/default/lib/flash.o
 .rodata        0x02020970      0x214 obj/default/main.o
 .rodata.str1.4
                0x02020b84        0x5 c:/altera/12.1sp1/nios2eds/bin/gnu/h-i686-mingw32/bin/../lib/gcc/nios2-elf/4.1.2/../../../../nios2-elf/lib\libm.a(lib_a-w_sqrt.o)
                                  0x8 (size before relaxing)
 *fill*         0x02020b89        0x3 00
 .rodata        0x02020b8c       0x40 c:/altera/12.1sp1/nios2eds/bin/gnu/h-i686-mingw32/bin/../lib/gcc/nios2-elf/4.1.2/../../../../nios2-elf/lib\libm.a(lib_a-s_atan.o)
 .rodata        0x02020bcc       0x10 c:/altera/12.1sp1/nios2eds/bin/gnu/h-i686-mingw32/bin/../lib/gcc/nios2-elf/4.1.2\libgcc.a(_thenan_sf.o)
                0x02020bcc                __thenan_sf
 .rodata        0x02020bdc       0x14 c:/altera/12.1sp1/nios2eds/bin/gnu/h-i686-mingw32/bin/../lib/gcc/nios2-elf/4.1.2\libgcc.a(_thenan_df.o)
                0x02020bdc                __thenan_df
 .rodata        0x02020bf0      0x100 c:/altera/12.1sp1/nios2eds/bin/gnu/h-i686-mingw32/bin/../lib/gcc/nios2-elf/4.1.2\libgcc.a(_clz.o)
                0x02020bf0                __clz_tab
 .rodata.str1.4
                0x02020cf0        0x2 c:/altera/12.1sp1/nios2eds/bin/gnu/h-i686-mingw32/bin/../lib/gcc/nios2-elf/4.1.2/../../../../nios2-elf/lib\libc.a(lib_a-impure.o)
                                  0x4 (size before relaxing)
 *fill*         0x02020cf2        0x2 00
 .rodata.str1.4
                0x02020cf4        0x2 c:/altera/12.1sp1/nios2eds/bin/gnu/h-i686-mingw32/bin/../lib/gcc/nios2-elf/4.1.2/../../../../nios2-elf/lib\libc.a(lib_a-puts.o)
                                  0x4 (size before relaxing)
 *fill*         0x02020cf6        0x2 00
 .rodata.str1.4
                0x02020cf8       0x5e c:/altera/12.1sp1/nios2eds/bin/gnu/h-i686-mingw32/bin/../lib/gcc/nios2-elf/4.1.2/../../../../nios2-elf/lib\libc.a(lib_a-vfprintf.o)
                                 0x60 (size before relaxing)
 .rodata        0x02020d56       0x20 c:/altera/12.1sp1/nios2eds/bin/gnu/h-i686-mingw32/bin/../lib/gcc/nios2-elf/4.1.2/../../../../nios2-elf/lib\libc.a(lib_a-vfprintf.o)
 *fill*         0x02020d76        0x2 00
 .rodata.str1.4
                0x02020d78        0x5 c:/altera/12.1sp1/nios2eds/bin/gnu/h-i686-mingw32/bin/../lib/gcc/nios2-elf/4.1.2/../../../../nios2-elf/lib\libc.a(lib_a-vfscanf.o)
                                  0x8 (size before relaxing)
 *fill*         0x02020d7d        0x1 00
 .rodata        0x02020d7e       0x22 c:/altera/12.1sp1/nios2eds/bin/gnu/h-i686-mingw32/bin/../lib/gcc/nios2-elf/4.1.2/../../../../nios2-elf/lib\libc.a(lib_a-vfscanf.o)
 .rodata        0x02020da0      0x281 c:/altera/12.1sp1/nios2eds/bin/gnu/h-i686-mingw32/bin/../lib/gcc/nios2-elf/4.1.2/../../../../nios2-elf/lib\libc.a(lib_a-ctype_.o)
                0x02020da0                _ctype_
 *fill*         0x02021021        0x3 00
 .rodata.str1.4
                0x02021024       0x10 c:/altera/12.1sp1/nios2eds/bin/gnu/h-i686-mingw32/bin/../lib/gcc/nios2-elf/4.1.2/../../../../nios2-elf/lib\libc.a(lib_a-dtoa.o)
                                 0x14 (size before relaxing)
 .rodata.str1.4
                0x02021034        0xf c:/altera/12.1sp1/nios2eds/bin/gnu/h-i686-mingw32/bin/../lib/gcc/nios2-elf/4.1.2/../../../../nios2-elf/lib\libc.a(lib_a-locale.o)
                                 0x18 (size before relaxing)
 *fill*         0x02021043        0x1 00
 .rodata        0x02021044       0x30 c:/altera/12.1sp1/nios2eds/bin/gnu/h-i686-mingw32/bin/../lib/gcc/nios2-elf/4.1.2/../../../../nios2-elf/lib\libc.a(lib_a-locale.o)
 .rodata.str1.4
                0x00000000        0x4 c:/altera/12.1sp1/nios2eds/bin/gnu/h-i686-mingw32/bin/../lib/gcc/nios2-elf/4.1.2/../../../../nios2-elf/lib\libc.a(lib_a-mbrtowc.o)
 .rodata        0x02021074      0x124 c:/altera/12.1sp1/nios2eds/bin/gnu/h-i686-mingw32/bin/../lib/gcc/nios2-elf/4.1.2/../../../../nios2-elf/lib\libc.a(lib_a-mprec.o)
                0x02021074                __mprec_tens
                0x0202113c                __mprec_bigtens
                0x02021164                __mprec_tinytens
 .rodata.str1.4
                0x02021198        0xf c:/altera/12.1sp1/nios2eds/bin/gnu/h-i686-mingw32/bin/../lib/gcc/nios2-elf/4.1.2/../../../../nios2-elf/lib\libc.a(lib_a-strtod.o)
                                 0x10 (size before relaxing)
 *fill*         0x020211a7        0x1 00
 .rodata        0x020211a8       0x28 c:/altera/12.1sp1/nios2eds/bin/gnu/h-i686-mingw32/bin/../lib/gcc/nios2-elf/4.1.2/../../../../nios2-elf/lib\libc.a(lib_a-strtod.o)
 .rodata.str1.4
                0x020211d0       0x1c c:/altera/12.1sp1/nios2eds/bin/gnu/h-i686-mingw32/bin/../lib/gcc/nios2-elf/4.1.2/../../../../nios2-elf/lib\libc.a(lib_a-gdtoa-gethex.o)
 .rodata        0x020211ec        0xc ../ROBOT_bsp/\libucosii_bsp.a(alt_dev.o)
 .rodata        0x020211f8       0x10 ../ROBOT_bsp/\libucosii_bsp.a(alt_main.o)
 .rodata        0x02021208      0x120 ../ROBOT_bsp/\libucosii_bsp.a(os_core.o)
                0x02021208                OSUnMapTbl
 .rodata        0x02021328       0x1c ../ROBOT_bsp/\libucosii_bsp.a(alt_sys_init.o)
 .rodata        0x02021344        0x4 ../ROBOT_bsp/\libucosii_bsp.a(os_cpu_c.o)
 *(.rodata1)
                0x02021348                . = ALIGN (0x4)
                0x02021348                PROVIDE (__ram_rodata_end, ABSOLUTE (.))
                0x02020720                PROVIDE (__flash_rodata_start, LOADADDR (.rodata))

.rwdata         0x02021348     0x1ddc load address 0x02023124
                0x02021348                PROVIDE (__ram_rwdata_start, ABSOLUTE (.))
                0x02021348                . = ALIGN (0x4)
 *(.got.plt)
 *(.got)
 *(.data1)
 *(.data .data.* .gnu.linkonce.d.*)
 .data          0x02021348        0x0 ../ROBOT_bsp//obj/HAL/src/crt0.o
 .data          0x02021348        0x0 obj/default/lib/I2C.o
 .data          0x02021348        0x0 obj/default/lib/LSM303.o
 .data          0x02021348        0x0 obj/default/lib/accelerometer_adxl345_spi.o
 .data          0x02021348        0x0 obj/default/lib/adc_spi_read.o
 .data          0x02021348        0x0 obj/default/lib/flash.o
 .data          0x02021348        0x0 obj/default/lib/terasic_spi.o
 .data          0x02021348      0x1f8 obj/default/main.o
 .data          0x02021540        0x0 c:/altera/12.1sp1/nios2eds/bin/gnu/h-i686-mingw32/bin/../lib/gcc/nios2-elf/4.1.2/../../../../nios2-elf/lib\libm.a(lib_a-s_round.o)
 .data          0x02021540        0x0 c:/altera/12.1sp1/nios2eds/bin/gnu/h-i686-mingw32/bin/../lib/gcc/nios2-elf/4.1.2/../../../../nios2-elf/lib\libm.a(lib_a-w_atan2.o)
 .data          0x02021540        0x0 c:/altera/12.1sp1/nios2eds/bin/gnu/h-i686-mingw32/bin/../lib/gcc/nios2-elf/4.1.2/../../../../nios2-elf/lib\libm.a(lib_a-w_sqrt.o)
 .data          0x02021540        0x0 c:/altera/12.1sp1/nios2eds/bin/gnu/h-i686-mingw32/bin/../lib/gcc/nios2-elf/4.1.2/../../../../nios2-elf/lib\libm.a(lib_a-e_atan2.o)
 .data          0x02021540        0x0 c:/altera/12.1sp1/nios2eds/bin/gnu/h-i686-mingw32/bin/../lib/gcc/nios2-elf/4.1.2/../../../../nios2-elf/lib\libm.a(lib_a-e_sqrt.o)
 .data          0x02021540        0x0 c:/altera/12.1sp1/nios2eds/bin/gnu/h-i686-mingw32/bin/../lib/gcc/nios2-elf/4.1.2/../../../../nios2-elf/lib\libm.a(lib_a-s_atan.o)
 .data          0x02021540        0x0 c:/altera/12.1sp1/nios2eds/bin/gnu/h-i686-mingw32/bin/../lib/gcc/nios2-elf/4.1.2/../../../../nios2-elf/lib\libm.a(lib_a-s_fabs.o)
 .data          0x02021540        0x0 c:/altera/12.1sp1/nios2eds/bin/gnu/h-i686-mingw32/bin/../lib/gcc/nios2-elf/4.1.2/../../../../nios2-elf/lib\libm.a(lib_a-s_isnand.o)
 .data          0x02021540        0x0 c:/altera/12.1sp1/nios2eds/bin/gnu/h-i686-mingw32/bin/../lib/gcc/nios2-elf/4.1.2/../../../../nios2-elf/lib\libm.a(lib_a-s_lib_ver.o)
 .data          0x02021540        0x0 c:/altera/12.1sp1/nios2eds/bin/gnu/h-i686-mingw32/bin/../lib/gcc/nios2-elf/4.1.2/../../../../nios2-elf/lib\libm.a(lib_a-s_matherr.o)
 .data          0x02021540        0x0 c:/altera/12.1sp1/nios2eds/bin/gnu/h-i686-mingw32/bin/../lib/gcc/nios2-elf/4.1.2\libgcc.a(_addsub_sf.o)
 .data          0x02021540        0x0 c:/altera/12.1sp1/nios2eds/bin/gnu/h-i686-mingw32/bin/../lib/gcc/nios2-elf/4.1.2\libgcc.a(_mul_sf.o)
 .data          0x02021540        0x0 c:/altera/12.1sp1/nios2eds/bin/gnu/h-i686-mingw32/bin/../lib/gcc/nios2-elf/4.1.2\libgcc.a(_div_sf.o)
 .data          0x02021540        0x0 c:/altera/12.1sp1/nios2eds/bin/gnu/h-i686-mingw32/bin/../lib/gcc/nios2-elf/4.1.2\libgcc.a(_sf_to_df.o)
 .data          0x02021540        0x0 c:/altera/12.1sp1/nios2eds/bin/gnu/h-i686-mingw32/bin/../lib/gcc/nios2-elf/4.1.2\libgcc.a(_thenan_sf.o)
 .data          0x02021540        0x0 c:/altera/12.1sp1/nios2eds/bin/gnu/h-i686-mingw32/bin/../lib/gcc/nios2-elf/4.1.2\libgcc.a(_usi_to_sf.o)
 .data          0x02021540        0x0 c:/altera/12.1sp1/nios2eds/bin/gnu/h-i686-mingw32/bin/../lib/gcc/nios2-elf/4.1.2\libgcc.a(_addsub_df.o)
 .data          0x02021540        0x0 c:/altera/12.1sp1/nios2eds/bin/gnu/h-i686-mingw32/bin/../lib/gcc/nios2-elf/4.1.2\libgcc.a(_mul_df.o)
 .data          0x02021540        0x0 c:/altera/12.1sp1/nios2eds/bin/gnu/h-i686-mingw32/bin/../lib/gcc/nios2-elf/4.1.2\libgcc.a(_div_df.o)
 .data          0x02021540        0x0 c:/altera/12.1sp1/nios2eds/bin/gnu/h-i686-mingw32/bin/../lib/gcc/nios2-elf/4.1.2\libgcc.a(_gt_df.o)
 .data          0x02021540        0x0 c:/altera/12.1sp1/nios2eds/bin/gnu/h-i686-mingw32/bin/../lib/gcc/nios2-elf/4.1.2\libgcc.a(_lt_df.o)
 .data          0x02021540        0x0 c:/altera/12.1sp1/nios2eds/bin/gnu/h-i686-mingw32/bin/../lib/gcc/nios2-elf/4.1.2\libgcc.a(_si_to_df.o)
 .data          0x02021540        0x0 c:/altera/12.1sp1/nios2eds/bin/gnu/h-i686-mingw32/bin/../lib/gcc/nios2-elf/4.1.2\libgcc.a(_df_to_si.o)
 .data          0x02021540        0x0 c:/altera/12.1sp1/nios2eds/bin/gnu/h-i686-mingw32/bin/../lib/gcc/nios2-elf/4.1.2\libgcc.a(_make_df.o)
 .data          0x02021540        0x0 c:/altera/12.1sp1/nios2eds/bin/gnu/h-i686-mingw32/bin/../lib/gcc/nios2-elf/4.1.2\libgcc.a(_df_to_sf.o)
 .data          0x02021540        0x0 c:/altera/12.1sp1/nios2eds/bin/gnu/h-i686-mingw32/bin/../lib/gcc/nios2-elf/4.1.2\libgcc.a(_thenan_df.o)
 .data          0x02021540        0x0 c:/altera/12.1sp1/nios2eds/bin/gnu/h-i686-mingw32/bin/../lib/gcc/nios2-elf/4.1.2\libgcc.a(lib2-divmod.o)
 .data          0x02021540        0x0 c:/altera/12.1sp1/nios2eds/bin/gnu/h-i686-mingw32/bin/../lib/gcc/nios2-elf/4.1.2\libgcc.a(_muldi3.o)
 .data          0x02021540        0x0 c:/altera/12.1sp1/nios2eds/bin/gnu/h-i686-mingw32/bin/../lib/gcc/nios2-elf/4.1.2\libgcc.a(_clzsi2.o)
 .data          0x02021540        0x0 c:/altera/12.1sp1/nios2eds/bin/gnu/h-i686-mingw32/bin/../lib/gcc/nios2-elf/4.1.2\libgcc.a(_pack_sf.o)
 .data          0x02021540        0x0 c:/altera/12.1sp1/nios2eds/bin/gnu/h-i686-mingw32/bin/../lib/gcc/nios2-elf/4.1.2\libgcc.a(_unpack_sf.o)
 .data          0x02021540        0x0 c:/altera/12.1sp1/nios2eds/bin/gnu/h-i686-mingw32/bin/../lib/gcc/nios2-elf/4.1.2\libgcc.a(_make_sf.o)
 .data          0x02021540        0x0 c:/altera/12.1sp1/nios2eds/bin/gnu/h-i686-mingw32/bin/../lib/gcc/nios2-elf/4.1.2\libgcc.a(_pack_df.o)
 .data          0x02021540        0x0 c:/altera/12.1sp1/nios2eds/bin/gnu/h-i686-mingw32/bin/../lib/gcc/nios2-elf/4.1.2\libgcc.a(_unpack_df.o)
 .data          0x02021540        0x0 c:/altera/12.1sp1/nios2eds/bin/gnu/h-i686-mingw32/bin/../lib/gcc/nios2-elf/4.1.2\libgcc.a(_fpcmp_parts_df.o)
 .data          0x02021540        0x0 c:/altera/12.1sp1/nios2eds/bin/gnu/h-i686-mingw32/bin/../lib/gcc/nios2-elf/4.1.2\libgcc.a(_clz.o)
 .data          0x02021540        0x0 c:/altera/12.1sp1/nios2eds/bin/gnu/h-i686-mingw32/bin/../lib/gcc/nios2-elf/4.1.2/../../../../nios2-elf/lib\libc.a(lib_a-errno.o)
 .data          0x02021540      0x400 c:/altera/12.1sp1/nios2eds/bin/gnu/h-i686-mingw32/bin/../lib/gcc/nios2-elf/4.1.2/../../../../nios2-elf/lib\libc.a(lib_a-impure.o)
 .data          0x02021940        0x0 c:/altera/12.1sp1/nios2eds/bin/gnu/h-i686-mingw32/bin/../lib/gcc/nios2-elf/4.1.2/../../../../nios2-elf/lib\libc.a(lib_a-malloc.o)
 .data          0x02021940      0x408 c:/altera/12.1sp1/nios2eds/bin/gnu/h-i686-mingw32/bin/../lib/gcc/nios2-elf/4.1.2/../../../../nios2-elf/lib\libc.a(lib_a-mallocr.o)
                0x02021940                __malloc_av_
 .data          0x02021d48        0x0 c:/altera/12.1sp1/nios2eds/bin/gnu/h-i686-mingw32/bin/../lib/gcc/nios2-elf/4.1.2/../../../../nios2-elf/lib\libc.a(lib_a-printf.o)
 .data          0x02021d48        0x0 c:/altera/12.1sp1/nios2eds/bin/gnu/h-i686-mingw32/bin/../lib/gcc/nios2-elf/4.1.2/../../../../nios2-elf/lib\libc.a(lib_a-puts.o)
 .data          0x02021d48        0x0 c:/altera/12.1sp1/nios2eds/bin/gnu/h-i686-mingw32/bin/../lib/gcc/nios2-elf/4.1.2/../../../../nios2-elf/lib\libc.a(lib_a-sbrkr.o)
 .data          0x02021d48        0x0 c:/altera/12.1sp1/nios2eds/bin/gnu/h-i686-mingw32/bin/../lib/gcc/nios2-elf/4.1.2/../../../../nios2-elf/lib\libc.a(lib_a-scanf.o)
 .data          0x02021d48        0x0 c:/altera/12.1sp1/nios2eds/bin/gnu/h-i686-mingw32/bin/../lib/gcc/nios2-elf/4.1.2/../../../../nios2-elf/lib\libc.a(lib_a-strlen.o)
 .data          0x02021d48        0x0 c:/altera/12.1sp1/nios2eds/bin/gnu/h-i686-mingw32/bin/../lib/gcc/nios2-elf/4.1.2/../../../../nios2-elf/lib\libc.a(lib_a-vfprintf.o)
 .data          0x02021d48        0x0 c:/altera/12.1sp1/nios2eds/bin/gnu/h-i686-mingw32/bin/../lib/gcc/nios2-elf/4.1.2/../../../../nios2-elf/lib\libc.a(lib_a-vfscanf.o)
 .data          0x02021d48        0x0 c:/altera/12.1sp1/nios2eds/bin/gnu/h-i686-mingw32/bin/../lib/gcc/nios2-elf/4.1.2/../../../../nios2-elf/lib\libc.a(lib_a-wsetup.o)
 .data          0x02021d48        0x0 c:/altera/12.1sp1/nios2eds/bin/gnu/h-i686-mingw32/bin/../lib/gcc/nios2-elf/4.1.2/../../../../nios2-elf/lib\libc.a(lib_a-ctype_.o)
 .data          0x02021d48        0x0 c:/altera/12.1sp1/nios2eds/bin/gnu/h-i686-mingw32/bin/../lib/gcc/nios2-elf/4.1.2/../../../../nios2-elf/lib\libc.a(lib_a-dtoa.o)
 .data          0x02021d48        0x0 c:/altera/12.1sp1/nios2eds/bin/gnu/h-i686-mingw32/bin/../lib/gcc/nios2-elf/4.1.2/../../../../nios2-elf/lib\libc.a(lib_a-fflush.o)
 .data          0x02021d48        0x0 c:/altera/12.1sp1/nios2eds/bin/gnu/h-i686-mingw32/bin/../lib/gcc/nios2-elf/4.1.2/../../../../nios2-elf/lib\libc.a(lib_a-findfp.o)
 .data          0x02021d48        0x0 c:/altera/12.1sp1/nios2eds/bin/gnu/h-i686-mingw32/bin/../lib/gcc/nios2-elf/4.1.2/../../../../nios2-elf/lib\libc.a(lib_a-fread.o)
 .data          0x02021d48        0x0 c:/altera/12.1sp1/nios2eds/bin/gnu/h-i686-mingw32/bin/../lib/gcc/nios2-elf/4.1.2/../../../../nios2-elf/lib\libc.a(lib_a-freer.o)
 .data          0x02021d48        0x0 c:/altera/12.1sp1/nios2eds/bin/gnu/h-i686-mingw32/bin/../lib/gcc/nios2-elf/4.1.2/../../../../nios2-elf/lib\libc.a(lib_a-fvwrite.o)
 .data          0x02021d48        0x0 c:/altera/12.1sp1/nios2eds/bin/gnu/h-i686-mingw32/bin/../lib/gcc/nios2-elf/4.1.2/../../../../nios2-elf/lib\libc.a(lib_a-fwalk.o)
 .data          0x02021d48        0x0 c:/altera/12.1sp1/nios2eds/bin/gnu/h-i686-mingw32/bin/../lib/gcc/nios2-elf/4.1.2/../../../../nios2-elf/lib\libc.a(lib_a-int_errno.o)
 .data          0x02021d48        0x0 c:/altera/12.1sp1/nios2eds/bin/gnu/h-i686-mingw32/bin/../lib/gcc/nios2-elf/4.1.2/../../../../nios2-elf/lib\libc.a(lib_a-iswspace.o)
 .data          0x02021d48        0xc c:/altera/12.1sp1/nios2eds/bin/gnu/h-i686-mingw32/bin/../lib/gcc/nios2-elf/4.1.2/../../../../nios2-elf/lib\libc.a(lib_a-locale.o)
                0x02021d48                __lc_ctype
 .data          0x02021d54        0x0 c:/altera/12.1sp1/nios2eds/bin/gnu/h-i686-mingw32/bin/../lib/gcc/nios2-elf/4.1.2/../../../../nios2-elf/lib\libc.a(lib_a-makebuf.o)
 .data          0x02021d54        0x0 c:/altera/12.1sp1/nios2eds/bin/gnu/h-i686-mingw32/bin/../lib/gcc/nios2-elf/4.1.2/../../../../nios2-elf/lib\libc.a(lib_a-mbrtowc.o)
 .data          0x02021d54        0x0 c:/altera/12.1sp1/nios2eds/bin/gnu/h-i686-mingw32/bin/../lib/gcc/nios2-elf/4.1.2/../../../../nios2-elf/lib\libc.a(lib_a-mbtowc_r.o)
 .data          0x02021d54        0x0 c:/altera/12.1sp1/nios2eds/bin/gnu/h-i686-mingw32/bin/../lib/gcc/nios2-elf/4.1.2/../../../../nios2-elf/lib\libc.a(lib_a-memchr.o)
 .data          0x02021d54        0x0 c:/altera/12.1sp1/nios2eds/bin/gnu/h-i686-mingw32/bin/../lib/gcc/nios2-elf/4.1.2/../../../../nios2-elf/lib\libc.a(lib_a-memcpy.o)
 .data          0x02021d54        0x0 c:/altera/12.1sp1/nios2eds/bin/gnu/h-i686-mingw32/bin/../lib/gcc/nios2-elf/4.1.2/../../../../nios2-elf/lib\libc.a(lib_a-memmove.o)
 .data          0x02021d54        0x0 c:/altera/12.1sp1/nios2eds/bin/gnu/h-i686-mingw32/bin/../lib/gcc/nios2-elf/4.1.2/../../../../nios2-elf/lib\libc.a(lib_a-memset.o)
 .data          0x02021d54        0x0 c:/altera/12.1sp1/nios2eds/bin/gnu/h-i686-mingw32/bin/../lib/gcc/nios2-elf/4.1.2/../../../../nios2-elf/lib\libc.a(lib_a-mprec.o)
 .data          0x02021d54        0x0 c:/altera/12.1sp1/nios2eds/bin/gnu/h-i686-mingw32/bin/../lib/gcc/nios2-elf/4.1.2/../../../../nios2-elf/lib\libc.a(lib_a-reallocr.o)
 .data          0x02021d54        0x0 c:/altera/12.1sp1/nios2eds/bin/gnu/h-i686-mingw32/bin/../lib/gcc/nios2-elf/4.1.2/../../../../nios2-elf/lib\libc.a(lib_a-refill.o)
 .data          0x02021d54        0x0 c:/altera/12.1sp1/nios2eds/bin/gnu/h-i686-mingw32/bin/../lib/gcc/nios2-elf/4.1.2/../../../../nios2-elf/lib\libc.a(lib_a-s_isinfd.o)
 .data          0x02021d54        0x0 c:/altera/12.1sp1/nios2eds/bin/gnu/h-i686-mingw32/bin/../lib/gcc/nios2-elf/4.1.2/../../../../nios2-elf/lib\libc.a(lib_a-sccl.o)
 .data          0x02021d54        0x0 c:/altera/12.1sp1/nios2eds/bin/gnu/h-i686-mingw32/bin/../lib/gcc/nios2-elf/4.1.2/../../../../nios2-elf/lib\libc.a(lib_a-sf_nan.o)
 .data          0x02021d54        0x0 c:/altera/12.1sp1/nios2eds/bin/gnu/h-i686-mingw32/bin/../lib/gcc/nios2-elf/4.1.2/../../../../nios2-elf/lib\libc.a(lib_a-sprintf.o)
 .data          0x02021d54        0x0 c:/altera/12.1sp1/nios2eds/bin/gnu/h-i686-mingw32/bin/../lib/gcc/nios2-elf/4.1.2/../../../../nios2-elf/lib\libc.a(lib_a-stdio.o)
 .data          0x02021d54        0x0 c:/altera/12.1sp1/nios2eds/bin/gnu/h-i686-mingw32/bin/../lib/gcc/nios2-elf/4.1.2/../../../../nios2-elf/lib\libc.a(lib_a-strcmp.o)
 .data          0x02021d54       0x28 c:/altera/12.1sp1/nios2eds/bin/gnu/h-i686-mingw32/bin/../lib/gcc/nios2-elf/4.1.2/../../../../nios2-elf/lib\libc.a(lib_a-strtod.o)
 .data          0x02021d7c        0x0 c:/altera/12.1sp1/nios2eds/bin/gnu/h-i686-mingw32/bin/../lib/gcc/nios2-elf/4.1.2/../../../../nios2-elf/lib\libc.a(lib_a-strtol.o)
 .data          0x02021d7c        0x0 c:/altera/12.1sp1/nios2eds/bin/gnu/h-i686-mingw32/bin/../lib/gcc/nios2-elf/4.1.2/../../../../nios2-elf/lib\libc.a(lib_a-strtoll_r.o)
 .data          0x02021d7c        0x0 c:/altera/12.1sp1/nios2eds/bin/gnu/h-i686-mingw32/bin/../lib/gcc/nios2-elf/4.1.2/../../../../nios2-elf/lib\libc.a(lib_a-strtoul.o)
 .data          0x02021d7c        0x0 c:/altera/12.1sp1/nios2eds/bin/gnu/h-i686-mingw32/bin/../lib/gcc/nios2-elf/4.1.2/../../../../nios2-elf/lib\libc.a(lib_a-strtoull_r.o)
 .data          0x02021d7c        0x0 c:/altera/12.1sp1/nios2eds/bin/gnu/h-i686-mingw32/bin/../lib/gcc/nios2-elf/4.1.2/../../../../nios2-elf/lib\libc.a(lib_a-ungetc.o)
 .data          0x02021d7c        0x0 c:/altera/12.1sp1/nios2eds/bin/gnu/h-i686-mingw32/bin/../lib/gcc/nios2-elf/4.1.2/../../../../nios2-elf/lib\libc.a(lib_a-writer.o)
 .data          0x02021d7c        0x0 c:/altera/12.1sp1/nios2eds/bin/gnu/h-i686-mingw32/bin/../lib/gcc/nios2-elf/4.1.2/../../../../nios2-elf/lib\libc.a(lib_a-callocr.o)
 .data          0x02021d7c        0x0 c:/altera/12.1sp1/nios2eds/bin/gnu/h-i686-mingw32/bin/../lib/gcc/nios2-elf/4.1.2/../../../../nios2-elf/lib\libc.a(lib_a-closer.o)
 .data          0x02021d7c        0x0 c:/altera/12.1sp1/nios2eds/bin/gnu/h-i686-mingw32/bin/../lib/gcc/nios2-elf/4.1.2/../../../../nios2-elf/lib\libc.a(lib_a-fclose.o)
 .data          0x02021d7c        0x0 c:/altera/12.1sp1/nios2eds/bin/gnu/h-i686-mingw32/bin/../lib/gcc/nios2-elf/4.1.2/../../../../nios2-elf/lib\libc.a(lib_a-fstatr.o)
 .data          0x02021d7c        0x0 c:/altera/12.1sp1/nios2eds/bin/gnu/h-i686-mingw32/bin/../lib/gcc/nios2-elf/4.1.2/../../../../nios2-elf/lib\libc.a(lib_a-gdtoa-gethex.o)
 .data          0x02021d7c        0x0 c:/altera/12.1sp1/nios2eds/bin/gnu/h-i686-mingw32/bin/../lib/gcc/nios2-elf/4.1.2/../../../../nios2-elf/lib\libc.a(lib_a-gdtoa-hexnan.o)
 .data          0x02021d7c        0x0 c:/altera/12.1sp1/nios2eds/bin/gnu/h-i686-mingw32/bin/../lib/gcc/nios2-elf/4.1.2/../../../../nios2-elf/lib\libc.a(lib_a-isattyr.o)
 .data          0x02021d7c        0x0 c:/altera/12.1sp1/nios2eds/bin/gnu/h-i686-mingw32/bin/../lib/gcc/nios2-elf/4.1.2/../../../../nios2-elf/lib\libc.a(lib_a-lseekr.o)
 .data          0x02021d7c        0x0 c:/altera/12.1sp1/nios2eds/bin/gnu/h-i686-mingw32/bin/../lib/gcc/nios2-elf/4.1.2/../../../../nios2-elf/lib\libc.a(lib_a-readr.o)
 .data          0x02021d7c        0x0 c:/altera/12.1sp1/nios2eds/bin/gnu/h-i686-mingw32/bin/../lib/gcc/nios2-elf/4.1.2\libgcc.a(_fixunsdfsi.o)
 .data          0x02021d7c        0x0 c:/altera/12.1sp1/nios2eds/bin/gnu/h-i686-mingw32/bin/../lib/gcc/nios2-elf/4.1.2\libgcc.a(_udivdi3.o)
 .data          0x02021d7c        0x0 c:/altera/12.1sp1/nios2eds/bin/gnu/h-i686-mingw32/bin/../lib/gcc/nios2-elf/4.1.2\libgcc.a(_umoddi3.o)
 .data          0x02021d7c        0x0 c:/altera/12.1sp1/nios2eds/bin/gnu/h-i686-mingw32/bin/../lib/gcc/nios2-elf/4.1.2\libgcc.a(_ne_sf.o)
 .data          0x02021d7c        0x0 c:/altera/12.1sp1/nios2eds/bin/gnu/h-i686-mingw32/bin/../lib/gcc/nios2-elf/4.1.2\libgcc.a(_gt_sf.o)
 .data          0x02021d7c        0x0 c:/altera/12.1sp1/nios2eds/bin/gnu/h-i686-mingw32/bin/../lib/gcc/nios2-elf/4.1.2\libgcc.a(_lt_sf.o)
 .data          0x02021d7c        0x0 c:/altera/12.1sp1/nios2eds/bin/gnu/h-i686-mingw32/bin/../lib/gcc/nios2-elf/4.1.2\libgcc.a(_eq_df.o)
 .data          0x02021d7c        0x0 c:/altera/12.1sp1/nios2eds/bin/gnu/h-i686-mingw32/bin/../lib/gcc/nios2-elf/4.1.2\libgcc.a(_ne_df.o)
 .data          0x02021d7c        0x0 c:/altera/12.1sp1/nios2eds/bin/gnu/h-i686-mingw32/bin/../lib/gcc/nios2-elf/4.1.2\libgcc.a(_ge_df.o)
 .data          0x02021d7c        0x0 c:/altera/12.1sp1/nios2eds/bin/gnu/h-i686-mingw32/bin/../lib/gcc/nios2-elf/4.1.2\libgcc.a(_le_df.o)
 .data          0x02021d7c        0x0 c:/altera/12.1sp1/nios2eds/bin/gnu/h-i686-mingw32/bin/../lib/gcc/nios2-elf/4.1.2\libgcc.a(_usi_to_df.o)
 .data          0x02021d7c        0x0 c:/altera/12.1sp1/nios2eds/bin/gnu/h-i686-mingw32/bin/../lib/gcc/nios2-elf/4.1.2\libgcc.a(_fpcmp_parts_sf.o)
 .data          0x02021d7c        0x0 ../ROBOT_bsp/\libucosii_bsp.a(alt_close.o)
 .data          0x02021d7c        0x0 ../ROBOT_bsp/\libucosii_bsp.a(alt_dcache_flush.o)
 .data          0x02021d7c        0x0 ../ROBOT_bsp/\libucosii_bsp.a(alt_dcache_flush_all.o)
 .data          0x02021d7c      0x1a8 ../ROBOT_bsp/\libucosii_bsp.a(alt_dev.o)
                0x02021d7c                alt_dev_null
                0x02021da4                alt_fd_list
 .data          0x02021f24        0x0 ../ROBOT_bsp/\libucosii_bsp.a(alt_errno.o)
 .data          0x02021f24        0x0 ../ROBOT_bsp/\libucosii_bsp.a(alt_flash_dev.o)
 .data          0x02021f24        0x0 ../ROBOT_bsp/\libucosii_bsp.a(alt_fstat.o)
 .data          0x02021f24        0x0 ../ROBOT_bsp/\libucosii_bsp.a(alt_irq_register.o)
 .data          0x02021f24        0x0 ../ROBOT_bsp/\libucosii_bsp.a(alt_irq_vars.o)
 .data          0x02021f24        0x0 ../ROBOT_bsp/\libucosii_bsp.a(alt_isatty.o)
 .data          0x02021f24        0x0 ../ROBOT_bsp/\libucosii_bsp.a(alt_load.o)
 .data          0x02021f24        0x0 ../ROBOT_bsp/\libucosii_bsp.a(alt_lseek.o)
 .data          0x02021f24        0x0 ../ROBOT_bsp/\libucosii_bsp.a(alt_main.o)
 .data          0x02021f24        0x0 ../ROBOT_bsp/\libucosii_bsp.a(alt_read.o)
 .data          0x02021f24        0x0 ../ROBOT_bsp/\libucosii_bsp.a(alt_release_fd.o)
 .data          0x02021f24        0x0 ../ROBOT_bsp/\libucosii_bsp.a(alt_sbrk.o)
 .data          0x02021f24        0x0 ../ROBOT_bsp/\libucosii_bsp.a(alt_tick.o)
 .data          0x02021f24        0x0 ../ROBOT_bsp/\libucosii_bsp.a(alt_usleep.o)
 .data          0x02021f24        0x0 ../ROBOT_bsp/\libucosii_bsp.a(alt_write.o)
 .data          0x02021f24        0x0 ../ROBOT_bsp/\libucosii_bsp.a(alt_env_lock.o)
 .data          0x02021f24        0x0 ../ROBOT_bsp/\libucosii_bsp.a(alt_malloc_lock.o)
 .data          0x02021f24        0x0 ../ROBOT_bsp/\libucosii_bsp.a(os_core.o)
 .data          0x02021f24        0x0 ../ROBOT_bsp/\libucosii_bsp.a(os_dbg.o)
 .data          0x02021f24        0x0 ../ROBOT_bsp/\libucosii_bsp.a(os_flag.o)
 .data          0x02021f24        0x0 ../ROBOT_bsp/\libucosii_bsp.a(os_mem.o)
 .data          0x02021f24        0x0 ../ROBOT_bsp/\libucosii_bsp.a(os_q.o)
 .data          0x02021f24        0x0 ../ROBOT_bsp/\libucosii_bsp.a(os_sem.o)
 .data          0x02021f24        0x0 ../ROBOT_bsp/\libucosii_bsp.a(os_task.o)
 .data          0x02021f24        0x0 ../ROBOT_bsp/\libucosii_bsp.a(os_time.o)
 .data          0x02021f24     0x1134 ../ROBOT_bsp/\libucosii_bsp.a(alt_sys_init.o)
 .data          0x02023058        0x0 ../ROBOT_bsp/\libucosii_bsp.a(altera_avalon_epcs_flash_controller.o)
 .data          0x02023058        0x0 ../ROBOT_bsp/\libucosii_bsp.a(altera_avalon_jtag_uart_fd.o)
 .data          0x02023058        0x0 ../ROBOT_bsp/\libucosii_bsp.a(altera_avalon_jtag_uart_init.o)
 .data          0x02023058        0x0 ../ROBOT_bsp/\libucosii_bsp.a(altera_avalon_jtag_uart_ioctl.o)
 .data          0x02023058        0x0 ../ROBOT_bsp/\libucosii_bsp.a(altera_avalon_jtag_uart_read.o)
 .data          0x02023058        0x0 ../ROBOT_bsp/\libucosii_bsp.a(altera_avalon_jtag_uart_write.o)
 .data          0x02023058        0x0 ../ROBOT_bsp/\libucosii_bsp.a(altera_avalon_timer_sc.o)
 .data          0x02023058        0x0 ../ROBOT_bsp/\libucosii_bsp.a(epcs_commands.o)
 .data          0x02023058        0x0 ../ROBOT_bsp/\libucosii_bsp.a(alt_alarm_start.o)
 .data          0x02023058        0x0 ../ROBOT_bsp/\libucosii_bsp.a(alt_busy_sleep.o)
 .data          0x02023058        0x0 ../ROBOT_bsp/\libucosii_bsp.a(alt_dev_llist_insert.o)
 .data          0x02023058        0x0 ../ROBOT_bsp/\libucosii_bsp.a(alt_do_ctors.o)
 .data          0x02023058        0x0 ../ROBOT_bsp/\libucosii_bsp.a(alt_do_dtors.o)
 .data          0x02023058        0x0 ../ROBOT_bsp/\libucosii_bsp.a(alt_find_dev.o)
 .data          0x02023058        0x0 ../ROBOT_bsp/\libucosii_bsp.a(alt_icache_flush_all.o)
 .data          0x02023058        0x0 ../ROBOT_bsp/\libucosii_bsp.a(alt_iic.o)
 .data          0x02023058        0x0 ../ROBOT_bsp/\libucosii_bsp.a(alt_iic_isr_register.o)
 .data          0x02023058        0x0 ../ROBOT_bsp/\libucosii_bsp.a(alt_io_redirect.o)
 .data          0x02023058        0x0 ../ROBOT_bsp/\libucosii_bsp.a(alt_irq_entry.o)
 .data          0x02023058        0x0 ../ROBOT_bsp/\libucosii_bsp.a(alt_irq_handler.o)
 .data          0x02023058        0x0 ../ROBOT_bsp/\libucosii_bsp.a(alt_open.o)
 .data          0x02023058        0x0 ../ROBOT_bsp/\libucosii_bsp.a(altera_nios2_qsys_irq.o)
 .data          0x02023058        0x0 ../ROBOT_bsp/\libucosii_bsp.a(os_cpu_a.o)
 .data          0x02023058        0x0 ../ROBOT_bsp/\libucosii_bsp.a(os_cpu_c.o)
 .data          0x02023058        0x0 ../ROBOT_bsp/\libucosii_bsp.a(altera_avalon_spi.o)
 .data          0x02023058        0x0 ../ROBOT_bsp/\libucosii_bsp.a(alt_exception_entry.o)
 .data          0x02023058        0x0 ../ROBOT_bsp/\libucosii_bsp.a(alt_find_file.o)
 .data          0x02023058        0x0 ../ROBOT_bsp/\libucosii_bsp.a(alt_get_fd.o)
 .data          0x02023058        0x0 ../ROBOT_bsp/\libucosii_bsp.a(alt_icache_flush.o)
 .data          0x02023058        0x0 c:/altera/12.1sp1/nios2eds/bin/gnu/h-i686-mingw32/bin/../lib/gcc/nios2-elf/4.1.2/../../../../nios2-elf/lib\libc.a(lib_a-atexit.o)
 .data          0x02023058        0x0 c:/altera/12.1sp1/nios2eds/bin/gnu/h-i686-mingw32/bin/../lib/gcc/nios2-elf/4.1.2/../../../../nios2-elf/lib\libc.a(lib_a-exit.o)
 .data          0x02023058        0x0 c:/altera/12.1sp1/nios2eds/bin/gnu/h-i686-mingw32/bin/../lib/gcc/nios2-elf/4.1.2/../../../../nios2-elf/lib\libc.a(lib_a-memcmp.o)
 .data          0x02023058        0x0 c:/altera/12.1sp1/nios2eds/bin/gnu/h-i686-mingw32/bin/../lib/gcc/nios2-elf/4.1.2/../../../../nios2-elf/lib\libc.a(lib_a-__atexit.o)
 .data          0x02023058        0x0 c:/altera/12.1sp1/nios2eds/bin/gnu/h-i686-mingw32/bin/../lib/gcc/nios2-elf/4.1.2/../../../../nios2-elf/lib\libc.a(lib_a-__call_atexit.o)
 .data          0x02023058        0x0 ../ROBOT_bsp/\libucosii_bsp.a(alt_exit.o)
                0x0202b058                _gp = ABSOLUTE ((. + 0x8000))
                0x0202b058                PROVIDE (gp, _gp)
 *(.rwdata .rwdata.*)
 *(.sdata .sdata.* .gnu.linkonce.s.*)
 .sdata         0x02023058        0x4 c:/altera/12.1sp1/nios2eds/bin/gnu/h-i686-mingw32/bin/../lib/gcc/nios2-elf/4.1.2/../../../../nios2-elf/lib\libm.a(lib_a-s_lib_ver.o)
                0x02023058                __fdlib_version
 .sdata         0x0202305c        0x8 c:/altera/12.1sp1/nios2eds/bin/gnu/h-i686-mingw32/bin/../lib/gcc/nios2-elf/4.1.2/../../../../nios2-elf/lib\libc.a(lib_a-impure.o)
                0x0202305c                _impure_ptr
                0x02023060                _global_impure_ptr
 .sdata         0x02023064        0x8 c:/altera/12.1sp1/nios2eds/bin/gnu/h-i686-mingw32/bin/../lib/gcc/nios2-elf/4.1.2/../../../../nios2-elf/lib\libc.a(lib_a-mallocr.o)
                0x02023064                __malloc_trim_threshold
                0x02023068                __malloc_sbrk_base
 .sdata         0x0202306c        0x4 c:/altera/12.1sp1/nios2eds/bin/gnu/h-i686-mingw32/bin/../lib/gcc/nios2-elf/4.1.2/../../../../nios2-elf/lib\libc.a(lib_a-ctype_.o)
                0x0202306c                __ctype_ptr
 .sdata         0x02023070        0x8 c:/altera/12.1sp1/nios2eds/bin/gnu/h-i686-mingw32/bin/../lib/gcc/nios2-elf/4.1.2/../../../../nios2-elf/lib\libc.a(lib_a-locale.o)
                0x02023070                __mb_cur_max
 .sdata         0x02023078       0x14 ../ROBOT_bsp/\libucosii_bsp.a(alt_dev.o)
                0x02023078                alt_fs_list
                0x02023080                alt_dev_list
                0x02023088                alt_max_fd
 .sdata         0x0202308c        0x4 ../ROBOT_bsp/\libucosii_bsp.a(alt_errno.o)
                0x0202308c                alt_errno
 .sdata         0x02023090        0x8 ../ROBOT_bsp/\libucosii_bsp.a(alt_flash_dev.o)
                0x02023090                alt_flash_dev_list
 .sdata         0x02023098        0x4 ../ROBOT_bsp/\libucosii_bsp.a(alt_irq_vars.o)
                0x02023098                alt_priority_mask
 .sdata         0x0202309c        0x4 ../ROBOT_bsp/\libucosii_bsp.a(alt_sbrk.o)
 .sdata         0x020230a0        0x8 ../ROBOT_bsp/\libucosii_bsp.a(alt_tick.o)
                0x020230a0                alt_alarm_list
 .sdata         0x020230a8        0x4 ../ROBOT_bsp/\libucosii_bsp.a(alt_env_lock.o)
 .sdata         0x020230ac        0x4 ../ROBOT_bsp/\libucosii_bsp.a(alt_malloc_lock.o)
 .sdata         0x020230b0       0x74 ../ROBOT_bsp/\libucosii_bsp.a(os_dbg.o)
                0x020230b0                OSDebugEn
                0x020230b4                OSEndiannessTest
                0x020230b8                OSEventEn
                0x020230ba                OSEventMax
                0x020230bc                OSEventNameSize
                0x020230be                OSEventSize
                0x020230c0                OSEventTblSize
                0x020230c2                OSEventMultiEn
                0x020230c4                OSFlagEn
                0x020230c6                OSFlagGrpSize
                0x020230c8                OSFlagNodeSize
                0x020230ca                OSFlagWidth
                0x020230cc                OSFlagMax
                0x020230ce                OSFlagNameSize
                0x020230d0                OSLowestPrio
                0x020230d2                OSMboxEn
                0x020230d4                OSMemEn
                0x020230d6                OSMemMax
                0x020230d8                OSMemNameSize
                0x020230da                OSMemSize
                0x020230dc                OSMemTblSize
                0x020230de                OSMutexEn
                0x020230e0                OSPtrSize
                0x020230e2                OSQEn
                0x020230e4                OSQMax
                0x020230e6                OSQSize
                0x020230e8                OSRdyTblSize
                0x020230ea                OSSemEn
                0x020230ec                OSStkWidth
                0x020230ee                OSTaskCreateEn
                0x020230f0                OSTaskCreateExtEn
                0x020230f2                OSTaskDelEn
                0x020230f4                OSTaskIdleStkSize
                0x020230f6                OSTaskProfileEn
                0x020230f8                OSTaskMax
                0x020230fa                OSTaskNameSize
                0x020230fc                OSTaskStatEn
                0x020230fe                OSTaskStatStkSize
                0x02023100                OSTaskStatStkChkEn
                0x02023102                OSTaskSwHookEn
                0x02023104                OSTCBPrioTblMax
                0x02023106                OSTCBSize
                0x02023108                OSTicksPerSec
                0x0202310a                OSTimeTickHookEn
                0x0202310c                OSVersionNbr
                0x0202310e                OSTmrEn
                0x02023110                OSTmrCfgMax
                0x02023112                OSTmrCfgNameSize
                0x02023114                OSTmrCfgWheelSize
                0x02023116                OSTmrCfgTicksPerSec
                0x02023118                OSTmrSize
                0x0202311a                OSTmrTblSize
                0x0202311c                OSTmrWheelSize
                0x0202311e                OSTmrWheelTblSize
                0x02023120                OSDataSize
 *(.sdata2 .sdata2.* .gnu.linkonce.s2.*)
                0x02023124                . = ALIGN (0x4)
                0x02023124                _edata = ABSOLUTE (.)
                0x02023124                PROVIDE (edata, ABSOLUTE (.))
                0x02023124                PROVIDE (__ram_rwdata_end, ABSOLUTE (.))
                0x02023124                PROVIDE (__flash_rwdata_start, LOADADDR (.rwdata))

.bss            0x02024f00     0x36b8
                0x02024f00                __bss_start = ABSOLUTE (.)
                0x02024f00                PROVIDE (__sbss_start, ABSOLUTE (.))
                0x02024f00                PROVIDE (___sbss_start, ABSOLUTE (.))
 *(.dynsbss)
 *(.sbss .sbss.* .gnu.linkonce.sb.*)
 .sbss          0x02024f00       0x10 obj/default/lib/LSM303.o
                0x02024f00                _device
                0x02024f04                io_timeout
                0x02024f08                acc_address
                0x02024f0c                did_timeout
 .sbss          0x02024f10        0x4 obj/default/main.o
                0x02024f10                bKeyPressed
 .sbss          0x02024f14        0xc c:/altera/12.1sp1/nios2eds/bin/gnu/h-i686-mingw32/bin/../lib/gcc/nios2-elf/4.1.2/../../../../nios2-elf/lib\libc.a(lib_a-mallocr.o)
                0x02024f14                __malloc_top_pad
                0x02024f18                __malloc_max_sbrked_mem
                0x02024f1c                __malloc_max_total_mem
 .sbss          0x02024f20        0x4 c:/altera/12.1sp1/nios2eds/bin/gnu/h-i686-mingw32/bin/../lib/gcc/nios2-elf/4.1.2/../../../../nios2-elf/lib\libc.a(lib_a-int_errno.o)
                0x02024f20                errno
 .sbss          0x02024f24        0xc c:/altera/12.1sp1/nios2eds/bin/gnu/h-i686-mingw32/bin/../lib/gcc/nios2-elf/4.1.2/../../../../nios2-elf/lib\libc.a(lib_a-locale.o)
                0x02024f24                __nlocale_changed
                0x02024f28                __mlocale_changed
                0x02024f2c                _PathLocale
 .sbss          0x02024f30        0x4 ../ROBOT_bsp/\libucosii_bsp.a(alt_dev.o)
                0x02024f30                alt_fd_list_lock
 .sbss          0x02024f34        0x4 ../ROBOT_bsp/\libucosii_bsp.a(alt_irq_vars.o)
                0x02024f34                alt_irq_active
 .sbss          0x02024f38        0xc ../ROBOT_bsp/\libucosii_bsp.a(alt_main.o)
                0x02024f38                alt_argc
                0x02024f3c                alt_argv
                0x02024f40                alt_envp
 .sbss          0x02024f44        0x8 ../ROBOT_bsp/\libucosii_bsp.a(alt_tick.o)
                0x02024f44                _alt_tick_rate
                0x02024f48                _alt_nticks
 .sbss          0x02024f4c        0x8 ../ROBOT_bsp/\libucosii_bsp.a(alt_env_lock.o)
                0x02024f50                alt_envsem
 .sbss          0x02024f54        0x8 ../ROBOT_bsp/\libucosii_bsp.a(alt_malloc_lock.o)
                0x02024f58                alt_heapsem
 .sbss          0x02024f5c       0x50 ../ROBOT_bsp/\libucosii_bsp.a(os_core.o)
                0x02024f5c                OSLockNesting
                0x02024f5d                OSRunning
                0x02024f60                OSIdleCtr
                0x02024f64                OSPrioHighRdy
                0x02024f65                OSPrioCur
                0x02024f68                OSTCBList
                0x02024f6c                OSTickStepState
                0x02024f70                OSCtxSwCtr
                0x02024f74                OSIdleCtrMax
                0x02024f78                OSTCBFreeList
                0x02024f7c                OSCPUUsage
                0x02024f7d                OSTaskCtr
                0x02024f80                OSMemFreeList
                0x02024f84                OSTCBHighRdy
                0x02024f88                OSQFreeList
                0x02024f8c                OSRdyGrp
                0x02024f8d                OSRdyTbl
                0x02024f90                OSEventFreeList
                0x02024f94                OSIntNesting
                0x02024f98                OSTCBCur
                0x02024f9c                OSTime
                0x02024fa0                OSFlagFreeList
                0x02024fa4                OSStatRdy
                0x02024fa8                OSIdleCtrRun
 *(.sbss2 .sbss2.* .gnu.linkonce.sb2.*)
 *(.scommon)
                0x02024fac                PROVIDE (__sbss_end, ABSOLUTE (.))
                0x02024fac                PROVIDE (___sbss_end, ABSOLUTE (.))
 *(.dynbss)
 *(.bss .bss.* .gnu.linkonce.b.*)
 .bss           0x02024fac        0x0 ../ROBOT_bsp//obj/HAL/src/crt0.o
 .bss           0x02024fac        0x0 obj/default/lib/I2C.o
 .bss           0x02024fac        0x0 obj/default/lib/LSM303.o
 .bss           0x02024fac        0x0 obj/default/lib/accelerometer_adxl345_spi.o
 .bss           0x02024fac        0x0 obj/default/lib/adc_spi_read.o
 .bss           0x02024fac        0x0 obj/default/lib/flash.o
 .bss           0x02024fac        0x0 obj/default/lib/terasic_spi.o
 .bss           0x02024fac        0x0 obj/default/main.o
 .bss           0x02024fac        0x0 c:/altera/12.1sp1/nios2eds/bin/gnu/h-i686-mingw32/bin/../lib/gcc/nios2-elf/4.1.2/../../../../nios2-elf/lib\libm.a(lib_a-s_round.o)
 .bss           0x02024fac        0x0 c:/altera/12.1sp1/nios2eds/bin/gnu/h-i686-mingw32/bin/../lib/gcc/nios2-elf/4.1.2/../../../../nios2-elf/lib\libm.a(lib_a-w_atan2.o)
 .bss           0x02024fac        0x0 c:/altera/12.1sp1/nios2eds/bin/gnu/h-i686-mingw32/bin/../lib/gcc/nios2-elf/4.1.2/../../../../nios2-elf/lib\libm.a(lib_a-w_sqrt.o)
 .bss           0x02024fac        0x0 c:/altera/12.1sp1/nios2eds/bin/gnu/h-i686-mingw32/bin/../lib/gcc/nios2-elf/4.1.2/../../../../nios2-elf/lib\libm.a(lib_a-e_atan2.o)
 .bss           0x02024fac        0x0 c:/altera/12.1sp1/nios2eds/bin/gnu/h-i686-mingw32/bin/../lib/gcc/nios2-elf/4.1.2/../../../../nios2-elf/lib\libm.a(lib_a-e_sqrt.o)
 .bss           0x02024fac        0x0 c:/altera/12.1sp1/nios2eds/bin/gnu/h-i686-mingw32/bin/../lib/gcc/nios2-elf/4.1.2/../../../../nios2-elf/lib\libm.a(lib_a-s_atan.o)
 .bss           0x02024fac        0x0 c:/altera/12.1sp1/nios2eds/bin/gnu/h-i686-mingw32/bin/../lib/gcc/nios2-elf/4.1.2/../../../../nios2-elf/lib\libm.a(lib_a-s_fabs.o)
 .bss           0x02024fac        0x0 c:/altera/12.1sp1/nios2eds/bin/gnu/h-i686-mingw32/bin/../lib/gcc/nios2-elf/4.1.2/../../../../nios2-elf/lib\libm.a(lib_a-s_isnand.o)
 .bss           0x02024fac        0x0 c:/altera/12.1sp1/nios2eds/bin/gnu/h-i686-mingw32/bin/../lib/gcc/nios2-elf/4.1.2/../../../../nios2-elf/lib\libm.a(lib_a-s_lib_ver.o)
 .bss           0x02024fac        0x0 c:/altera/12.1sp1/nios2eds/bin/gnu/h-i686-mingw32/bin/../lib/gcc/nios2-elf/4.1.2/../../../../nios2-elf/lib\libm.a(lib_a-s_matherr.o)
 .bss           0x02024fac        0x0 c:/altera/12.1sp1/nios2eds/bin/gnu/h-i686-mingw32/bin/../lib/gcc/nios2-elf/4.1.2\libgcc.a(_addsub_sf.o)
 .bss           0x02024fac        0x0 c:/altera/12.1sp1/nios2eds/bin/gnu/h-i686-mingw32/bin/../lib/gcc/nios2-elf/4.1.2\libgcc.a(_mul_sf.o)
 .bss           0x02024fac        0x0 c:/altera/12.1sp1/nios2eds/bin/gnu/h-i686-mingw32/bin/../lib/gcc/nios2-elf/4.1.2\libgcc.a(_div_sf.o)
 .bss           0x02024fac        0x0 c:/altera/12.1sp1/nios2eds/bin/gnu/h-i686-mingw32/bin/../lib/gcc/nios2-elf/4.1.2\libgcc.a(_sf_to_df.o)
 .bss           0x02024fac        0x0 c:/altera/12.1sp1/nios2eds/bin/gnu/h-i686-mingw32/bin/../lib/gcc/nios2-elf/4.1.2\libgcc.a(_thenan_sf.o)
 .bss           0x02024fac        0x0 c:/altera/12.1sp1/nios2eds/bin/gnu/h-i686-mingw32/bin/../lib/gcc/nios2-elf/4.1.2\libgcc.a(_usi_to_sf.o)
 .bss           0x02024fac        0x0 c:/altera/12.1sp1/nios2eds/bin/gnu/h-i686-mingw32/bin/../lib/gcc/nios2-elf/4.1.2\libgcc.a(_addsub_df.o)
 .bss           0x02024fac        0x0 c:/altera/12.1sp1/nios2eds/bin/gnu/h-i686-mingw32/bin/../lib/gcc/nios2-elf/4.1.2\libgcc.a(_mul_df.o)
 .bss           0x02024fac        0x0 c:/altera/12.1sp1/nios2eds/bin/gnu/h-i686-mingw32/bin/../lib/gcc/nios2-elf/4.1.2\libgcc.a(_div_df.o)
 .bss           0x02024fac        0x0 c:/altera/12.1sp1/nios2eds/bin/gnu/h-i686-mingw32/bin/../lib/gcc/nios2-elf/4.1.2\libgcc.a(_gt_df.o)
 .bss           0x02024fac        0x0 c:/altera/12.1sp1/nios2eds/bin/gnu/h-i686-mingw32/bin/../lib/gcc/nios2-elf/4.1.2\libgcc.a(_lt_df.o)
 .bss           0x02024fac        0x0 c:/altera/12.1sp1/nios2eds/bin/gnu/h-i686-mingw32/bin/../lib/gcc/nios2-elf/4.1.2\libgcc.a(_si_to_df.o)
 .bss           0x02024fac        0x0 c:/altera/12.1sp1/nios2eds/bin/gnu/h-i686-mingw32/bin/../lib/gcc/nios2-elf/4.1.2\libgcc.a(_df_to_si.o)
 .bss           0x02024fac        0x0 c:/altera/12.1sp1/nios2eds/bin/gnu/h-i686-mingw32/bin/../lib/gcc/nios2-elf/4.1.2\libgcc.a(_make_df.o)
 .bss           0x02024fac        0x0 c:/altera/12.1sp1/nios2eds/bin/gnu/h-i686-mingw32/bin/../lib/gcc/nios2-elf/4.1.2\libgcc.a(_df_to_sf.o)
 .bss           0x02024fac        0x0 c:/altera/12.1sp1/nios2eds/bin/gnu/h-i686-mingw32/bin/../lib/gcc/nios2-elf/4.1.2\libgcc.a(_thenan_df.o)
 .bss           0x02024fac        0x0 c:/altera/12.1sp1/nios2eds/bin/gnu/h-i686-mingw32/bin/../lib/gcc/nios2-elf/4.1.2\libgcc.a(lib2-divmod.o)